#-----------------------------------------------------------
# Vivado v2023.1 (64-bit)
# SW Build 3865809 on Sun May  7 15:04:56 MDT 2023
# IP Build 3864474 on Sun May  7 20:36:21 MDT 2023
# SharedData Build 3865790 on Sun May 07 13:33:03 MDT 2023
# Start of session at: Wed Oct 25 02:56:30 2023
# Process ID: 79914
# Current directory: /home/s3310914/Documents/eca1/test_project/test_project.runs/design_1_xbar_0_synth_1
# Command line: vivado -log design_1_xbar_0.vds -product Vivado -mode batch -messageDb vivado.pb -notrace -source design_1_xbar_0.tcl
# Log file: /home/s3310914/Documents/eca1/test_project/test_project.runs/design_1_xbar_0_synth_1/design_1_xbar_0.vds
# Journal file: /home/s3310914/Documents/eca1/test_project/test_project.runs/design_1_xbar_0_synth_1/vivado.jou
# Running On: xoc2.ewi.utwente.nl, OS: Linux, CPU Frequency: 2600.000 MHz, CPU Physical cores: 24, Host memory: 269882 MB
#-----------------------------------------------------------
source design_1_xbar_0.tcl -notrace
