Archive member included to satisfy reference by file (symbol)

/home/socadmin/CPU/nios-system-2022/nios_siso/simulation/mentor/libraries/../../../software/nios_siso_bsp//libhal_bsp.a(alt_load.o)
                              /home/socadmin/CPU/nios-system-2022/nios_siso/simulation/mentor/libraries/../../../software/nios_siso_bsp//obj/HAL/src/crt0.o (alt_load)
/home/socadmin/CPU/nios-system-2022/nios_siso/simulation/mentor/libraries/../../../software/nios_siso_bsp//libhal_bsp.a(alt_main.o)
                              /home/socadmin/CPU/nios-system-2022/nios_siso/simulation/mentor/libraries/../../../software/nios_siso_bsp//obj/HAL/src/crt0.o (alt_main)
/home/socadmin/CPU/nios-system-2022/nios_siso/simulation/mentor/libraries/../../../software/nios_siso_bsp//libhal_bsp.a(alt_putstr.o)
                              obj/default/copy.o (alt_putstr)
/home/socadmin/CPU/nios-system-2022/nios_siso/simulation/mentor/libraries/../../../software/nios_siso_bsp//libhal_bsp.a(alt_sys_init.o)
                              /home/socadmin/CPU/nios-system-2022/nios_siso/simulation/mentor/libraries/../../../software/nios_siso_bsp//libhal_bsp.a(alt_putstr.o) (jtag_uart_0)
/home/socadmin/CPU/nios-system-2022/nios_siso/simulation/mentor/libraries/../../../software/nios_siso_bsp//libhal_bsp.a(altera_avalon_jtag_uart_write.o)
                              /home/socadmin/CPU/nios-system-2022/nios_siso/simulation/mentor/libraries/../../../software/nios_siso_bsp//libhal_bsp.a(alt_putstr.o) (altera_avalon_jtag_uart_write)
/home/socadmin/CPU/nios-system-2022/nios_siso/simulation/mentor/libraries/../../../software/nios_siso_bsp//libhal_bsp.a(alt_dcache_flush_all.o)
                              /home/socadmin/CPU/nios-system-2022/nios_siso/simulation/mentor/libraries/../../../software/nios_siso_bsp//libhal_bsp.a(alt_load.o) (alt_dcache_flush_all)
/home/socadmin/CPU/nios-system-2022/nios_siso/simulation/mentor/libraries/../../../software/nios_siso_bsp//libhal_bsp.a(alt_icache_flush_all.o)
                              /home/socadmin/CPU/nios-system-2022/nios_siso/simulation/mentor/libraries/../../../software/nios_siso_bsp//libhal_bsp.a(alt_load.o) (alt_icache_flush_all)
/home/socadmin/CPU/nios-system-2022/nios_siso/simulation/mentor/libraries/../../../software/nios_siso_bsp//libhal_bsp.a(altera_nios2_gen2_irq.o)
                              /home/socadmin/CPU/nios-system-2022/nios_siso/simulation/mentor/libraries/../../../software/nios_siso_bsp//libhal_bsp.a(alt_sys_init.o) (altera_nios2_gen2_irq_init)
/remote/labware/packages/intel/quartus/18.1/nios2eds/bin/gnu/H-x86_64-pc-linux-gnu/bin/../lib/gcc/nios2-elf/5.3.0/../../../../../H-x86_64-pc-linux-gnu/nios2-elf/lib/mno-hw-mul/libsmallc.a(lib_a-strlen.o)
                              /home/socadmin/CPU/nios-system-2022/nios_siso/simulation/mentor/libraries/../../../software/nios_siso_bsp//libhal_bsp.a(alt_putstr.o) (strlen)

Memory Configuration

Name             Origin             Length             Attributes
reset            0x0000000000010000 0x0000000000000020
on_chip_ra       0x0000000000010020 0x000000000000ffe0
*default*        0x0000000000000000 0xffffffffffffffff

Linker script and memory map

LOAD /home/socadmin/CPU/nios-system-2022/nios_siso/simulation/mentor/libraries/../../../software/nios_siso_bsp//obj/HAL/src/crt0.o
LOAD obj/default/copy.o
LOAD /remote/labware/packages/intel/quartus/18.1/nios2eds/bin/gnu/H-x86_64-pc-linux-gnu/bin/../lib/gcc/nios2-elf/5.3.0/../../../../../H-x86_64-pc-linux-gnu/nios2-elf/lib/mno-hw-mul/libstdc++.a
LOAD /remote/labware/packages/intel/quartus/18.1/nios2eds/bin/gnu/H-x86_64-pc-linux-gnu/bin/../lib/gcc/nios2-elf/5.3.0/../../../../../H-x86_64-pc-linux-gnu/nios2-elf/lib/mno-hw-mul/libm.a
LOAD /remote/labware/packages/intel/quartus/18.1/nios2eds/bin/gnu/H-x86_64-pc-linux-gnu/bin/../lib/gcc/nios2-elf/5.3.0/mno-hw-mul/libgcc.a
START GROUP
LOAD /remote/labware/packages/intel/quartus/18.1/nios2eds/bin/gnu/H-x86_64-pc-linux-gnu/bin/../lib/gcc/nios2-elf/5.3.0/../../../../../H-x86_64-pc-linux-gnu/nios2-elf/lib/mno-hw-mul/libsmallc.a
LOAD /remote/labware/packages/intel/quartus/18.1/nios2eds/bin/gnu/H-x86_64-pc-linux-gnu/bin/../lib/gcc/nios2-elf/5.3.0/mno-hw-mul/libgcc.a
LOAD /home/socadmin/CPU/nios-system-2022/nios_siso/simulation/mentor/libraries/../../../software/nios_siso_bsp//libhal_bsp.a
LOAD /remote/labware/packages/intel/quartus/18.1/nios2eds/bin/gnu/H-x86_64-pc-linux-gnu/bin/../lib/gcc/nios2-elf/5.3.0/../../../../../H-x86_64-pc-linux-gnu/nios2-elf/lib/mno-hw-mul/libm.a
END GROUP
LOAD /remote/labware/packages/intel/quartus/18.1/nios2eds/bin/gnu/H-x86_64-pc-linux-gnu/bin/../lib/gcc/nios2-elf/5.3.0/mno-hw-mul/libgcc.a
                0x0000000000010000                __alt_mem_on_chip_ra = 0x10000

.entry          0x0000000000010000       0x20
 *(.entry)
 .entry         0x0000000000010000       0x20 /home/socadmin/CPU/nios-system-2022/nios_siso/simulation/mentor/libraries/../../../software/nios_siso_bsp//obj/HAL/src/crt0.o
                0x0000000000010000                __reset
                0x000000000001000c                _exit

.exceptions     0x0000000000010020        0x0
                0x0000000000010020                PROVIDE (__ram_exceptions_start, ABSOLUTE (.))
                0x0000000000010020                . = ALIGN (0x20)
 *(.irq)
 *(.exceptions.entry.label)
 *(.exceptions.entry.user)
 *(.exceptions.entry.ecc_fatal)
 *(.exceptions.entry)
 *(.exceptions.irqtest.user)
 *(.exceptions.irqtest)
 *(.exceptions.irqhandler.user)
 *(.exceptions.irqhandler)
 *(.exceptions.irqreturn.user)
 *(.exceptions.irqreturn)
 *(.exceptions.notirq.label)
 *(.exceptions.notirq.user)
 *(.exceptions.notirq)
 *(.exceptions.soft.user)
 *(.exceptions.soft)
 *(.exceptions.unknown.user)
 *(.exceptions.unknown)
 *(.exceptions.exit.label)
 *(.exceptions.exit.user)
 *(.exceptions.exit)
 *(.exceptions)
                0x0000000000010020                PROVIDE (__ram_exceptions_end, ABSOLUTE (.))
                0x0000000000010020                PROVIDE (__flash_exceptions_start, LOADADDR (.exceptions))

.text           0x0000000000010020      0x480
                [!provide]                        PROVIDE (stext, ABSOLUTE (.))
 *(.interp)
 *(.hash)
 *(.dynsym)
 *(.dynstr)
 *(.gnu.version)
 *(.gnu.version_d)
 *(.gnu.version_r)
 *(.rel.init)
 *(.rela.init)
 *(.rel.text .rel.text.* .rel.gnu.linkonce.t.*)
 *(.rela.text .rela.text.* .rela.gnu.linkonce.t.*)
 *(.rel.fini)
 *(.rela.fini)
 *(.rel.rodata .rel.rodata.* .rel.gnu.linkonce.r.*)
 *(.rela.rodata .rela.rodata.* .rela.gnu.linkonce.r.*)
 *(.rel.data .rel.data.* .rel.gnu.linkonce.d.*)
 *(.rela.data .rela.data.* .rela.gnu.linkonce.d.*)
 *(.rel.tdata .rel.tdata.* .rel.gnu.linkonce.td.*)
 *(.rela.tdata .rela.tdata.* .rela.gnu.linkonce.td.*)
 *(.rel.tbss .rel.tbss.* .rel.gnu.linkonce.tb.*)
 *(.rela.tbss .rela.tbss.* .rela.gnu.linkonce.tb.*)
 *(.rel.ctors)
 *(.rela.ctors)
 *(.rel.dtors)
 *(.rela.dtors)
 *(.rel.got)
 *(.rela.got)
 *(.rel.sdata .rel.sdata.* .rel.gnu.linkonce.s.*)
 *(.rela.sdata .rela.sdata.* .rela.gnu.linkonce.s.*)
 *(.rel.sbss .rel.sbss.* .rel.gnu.linkonce.sb.*)
 *(.rela.sbss .rela.sbss.* .rela.gnu.linkonce.sb.*)
 *(.rel.sdata2 .rel.sdata2.* .rel.gnu.linkonce.s2.*)
 *(.rela.sdata2 .rela.sdata2.* .rela.gnu.linkonce.s2.*)
 *(.rel.sbss2 .rel.sbss2.* .rel.gnu.linkonce.sb2.*)
 *(.rela.sbss2 .rela.sbss2.* .rela.gnu.linkonce.sb2.*)
 *(.rel.bss .rel.bss.* .rel.gnu.linkonce.b.*)
 *(.rela.bss .rela.bss.* .rela.gnu.linkonce.b.*)
 *(.rel.plt)
 *(.rela.plt)
 *(.rel.dyn)
 *(.init)
 *(.plt)
 *(.text .stub .text.* .gnu.linkonce.t.*)
 .text          0x0000000000010020       0x3c /home/socadmin/CPU/nios-system-2022/nios_siso/simulation/mentor/libraries/../../../software/nios_siso_bsp//obj/HAL/src/crt0.o
                0x0000000000010020                _start
 .text          0x000000000001005c      0x174 obj/default/copy.o
                0x000000000001005c                main
 .text          0x00000000000101d0       0xe4 /home/socadmin/CPU/nios-system-2022/nios_siso/simulation/mentor/libraries/../../../software/nios_siso_bsp//libhal_bsp.a(alt_load.o)
                0x0000000000010234                alt_load
 .text          0x00000000000102b4       0x4c /home/socadmin/CPU/nios-system-2022/nios_siso/simulation/mentor/libraries/../../../software/nios_siso_bsp//libhal_bsp.a(alt_main.o)
                0x00000000000102b4                alt_main
 .text          0x0000000000010300       0x48 /home/socadmin/CPU/nios-system-2022/nios_siso/simulation/mentor/libraries/../../../software/nios_siso_bsp//libhal_bsp.a(alt_putstr.o)
                0x0000000000010300                alt_putstr
 .text          0x0000000000010348       0x50 /home/socadmin/CPU/nios-system-2022/nios_siso/simulation/mentor/libraries/../../../software/nios_siso_bsp//libhal_bsp.a(alt_sys_init.o)
                0x0000000000010348                alt_irq_init
                0x000000000001037c                alt_sys_init
 .text          0x0000000000010398       0x94 /home/socadmin/CPU/nios-system-2022/nios_siso/simulation/mentor/libraries/../../../software/nios_siso_bsp//libhal_bsp.a(altera_avalon_jtag_uart_write.o)
                0x0000000000010398                altera_avalon_jtag_uart_write
 .text          0x000000000001042c       0x1c /home/socadmin/CPU/nios-system-2022/nios_siso/simulation/mentor/libraries/../../../software/nios_siso_bsp//libhal_bsp.a(alt_dcache_flush_all.o)
                0x000000000001042c                alt_dcache_flush_all
 .text          0x0000000000010448       0x1c /home/socadmin/CPU/nios-system-2022/nios_siso/simulation/mentor/libraries/../../../software/nios_siso_bsp//libhal_bsp.a(alt_icache_flush_all.o)
                0x0000000000010448                alt_icache_flush_all
 .text          0x0000000000010464       0x20 /home/socadmin/CPU/nios-system-2022/nios_siso/simulation/mentor/libraries/../../../software/nios_siso_bsp//libhal_bsp.a(altera_nios2_gen2_irq.o)
                0x0000000000010464                altera_nios2_gen2_irq_init
 .text          0x0000000000010484        0x0 /remote/labware/packages/intel/quartus/18.1/nios2eds/bin/gnu/H-x86_64-pc-linux-gnu/bin/../lib/gcc/nios2-elf/5.3.0/../../../../../H-x86_64-pc-linux-gnu/nios2-elf/lib/mno-hw-mul/libsmallc.a(lib_a-strlen.o)
 .text.strlen   0x0000000000010484       0x1c /remote/labware/packages/intel/quartus/18.1/nios2eds/bin/gnu/H-x86_64-pc-linux-gnu/bin/../lib/gcc/nios2-elf/5.3.0/../../../../../H-x86_64-pc-linux-gnu/nios2-elf/lib/mno-hw-mul/libsmallc.a(lib_a-strlen.o)
                0x0000000000010484                strlen
 *(.gnu.warning.*)
 *(.fini)
                [!provide]                        PROVIDE (__etext, ABSOLUTE (.))
                [!provide]                        PROVIDE (_etext, ABSOLUTE (.))
                [!provide]                        PROVIDE (etext, ABSOLUTE (.))
 *(.eh_frame_hdr)
                0x00000000000104a0                . = ALIGN (0x4)
                [!provide]                        PROVIDE (__preinit_array_start, ABSOLUTE (.))
 *(.preinit_array)
                [!provide]                        PROVIDE (__preinit_array_end, ABSOLUTE (.))
                [!provide]                        PROVIDE (__init_array_start, ABSOLUTE (.))
 *(.init_array)
                [!provide]                        PROVIDE (__init_array_end, ABSOLUTE (.))
                [!provide]                        PROVIDE (__fini_array_start, ABSOLUTE (.))
 *(.fini_array)
                [!provide]                        PROVIDE (__fini_array_end, ABSOLUTE (.))
 *(.eh_frame)
 *(.gcc_except_table .gcc_except_table.*)
 *(.dynamic)
                [!provide]                        PROVIDE (__CTOR_LIST__, ABSOLUTE (.))
 *(.ctors)
 *(SORT(.ctors.*))
                [!provide]                        PROVIDE (__CTOR_END__, ABSOLUTE (.))
                [!provide]                        PROVIDE (__DTOR_LIST__, ABSOLUTE (.))
 *(.dtors)
 *(SORT(.dtors.*))
                [!provide]                        PROVIDE (__DTOR_END__, ABSOLUTE (.))
 *(.jcr)
                0x00000000000104a0                . = ALIGN (0x4)

.rodata         0x00000000000104a0       0x30
                0x00000000000104a0                PROVIDE (__ram_rodata_start, ABSOLUTE (.))
                0x00000000000104a0                . = ALIGN (0x4)
 *(.rodata .rodata.* .gnu.linkonce.r.*)
 .rodata        0x00000000000104a0       0x2d obj/default/copy.o
 *(.rodata1)
                0x00000000000104d0                . = ALIGN (0x4)
 *fill*         0x00000000000104cd        0x3 
                0x00000000000104d0                PROVIDE (__ram_rodata_end, ABSOLUTE (.))
                0x00000000000104a0                PROVIDE (__flash_rodata_start, LOADADDR (.rodata))

.rwdata         0x00000000000104d0        0x8 load address 0x00000000000104d8
                0x00000000000104d0                PROVIDE (__ram_rwdata_start, ABSOLUTE (.))
                0x00000000000104d0                . = ALIGN (0x4)
 *(.got.plt)
 *(.got)
 *(.data1)
 *(.data .data.* .gnu.linkonce.d.*)
 .data          0x00000000000104d0        0x0 /home/socadmin/CPU/nios-system-2022/nios_siso/simulation/mentor/libraries/../../../software/nios_siso_bsp//obj/HAL/src/crt0.o
 .data          0x00000000000104d0        0x0 obj/default/copy.o
 .data          0x00000000000104d0        0x0 /home/socadmin/CPU/nios-system-2022/nios_siso/simulation/mentor/libraries/../../../software/nios_siso_bsp//libhal_bsp.a(alt_load.o)
 .data          0x00000000000104d0        0x0 /home/socadmin/CPU/nios-system-2022/nios_siso/simulation/mentor/libraries/../../../software/nios_siso_bsp//libhal_bsp.a(alt_main.o)
 .data          0x00000000000104d0        0x0 /home/socadmin/CPU/nios-system-2022/nios_siso/simulation/mentor/libraries/../../../software/nios_siso_bsp//libhal_bsp.a(alt_putstr.o)
 .data          0x00000000000104d0        0x0 /home/socadmin/CPU/nios-system-2022/nios_siso/simulation/mentor/libraries/../../../software/nios_siso_bsp//libhal_bsp.a(alt_sys_init.o)
 .data          0x00000000000104d0        0x0 /home/socadmin/CPU/nios-system-2022/nios_siso/simulation/mentor/libraries/../../../software/nios_siso_bsp//libhal_bsp.a(altera_avalon_jtag_uart_write.o)
 .data          0x00000000000104d0        0x0 /home/socadmin/CPU/nios-system-2022/nios_siso/simulation/mentor/libraries/../../../software/nios_siso_bsp//libhal_bsp.a(alt_dcache_flush_all.o)
 .data          0x00000000000104d0        0x0 /home/socadmin/CPU/nios-system-2022/nios_siso/simulation/mentor/libraries/../../../software/nios_siso_bsp//libhal_bsp.a(alt_icache_flush_all.o)
 .data          0x00000000000104d0        0x0 /home/socadmin/CPU/nios-system-2022/nios_siso/simulation/mentor/libraries/../../../software/nios_siso_bsp//libhal_bsp.a(altera_nios2_gen2_irq.o)
 .data          0x00000000000104d0        0x0 /remote/labware/packages/intel/quartus/18.1/nios2eds/bin/gnu/H-x86_64-pc-linux-gnu/bin/../lib/gcc/nios2-elf/5.3.0/../../../../../H-x86_64-pc-linux-gnu/nios2-elf/lib/mno-hw-mul/libsmallc.a(lib_a-strlen.o)
                0x00000000000184d0                _gp = ABSOLUTE ((. + 0x8000))
                [!provide]                        PROVIDE (gp, _gp)
 *(.rwdata .rwdata.*)
 *(.sdata .sdata.* .gnu.linkonce.s.*)
 .sdata         0x00000000000104d0        0x4 obj/default/copy.o
                0x00000000000104d0                IO_CUSTOM
 .sdata         0x00000000000104d4        0x4 /home/socadmin/CPU/nios-system-2022/nios_siso/simulation/mentor/libraries/../../../software/nios_siso_bsp//libhal_bsp.a(alt_sys_init.o)
                0x00000000000104d4                jtag_uart_0
 *(.sdata2 .sdata2.* .gnu.linkonce.s2.*)
                0x00000000000104d8                . = ALIGN (0x4)
                0x00000000000104d8                _edata = ABSOLUTE (.)
                [!provide]                        PROVIDE (edata, ABSOLUTE (.))
                0x00000000000104d8                PROVIDE (__ram_rwdata_end, ABSOLUTE (.))
                0x00000000000104d8                PROVIDE (__flash_rwdata_start, LOADADDR (.rwdata))

.bss            0x00000000000104e0        0xc
                0x00000000000104e0                __bss_start = ABSOLUTE (.)
                [!provide]                        PROVIDE (__sbss_start, ABSOLUTE (.))
                [!provide]                        PROVIDE (___sbss_start, ABSOLUTE (.))
 *(.dynsbss)
 *(.sbss .sbss.* .gnu.linkonce.sb.*)
 .sbss          0x00000000000104e0        0xc /home/socadmin/CPU/nios-system-2022/nios_siso/simulation/mentor/libraries/../../../software/nios_siso_bsp//libhal_bsp.a(alt_main.o)
                0x00000000000104e0                alt_argc
                0x00000000000104e4                alt_argv
                0x00000000000104e8                alt_envp
 *(.sbss2 .sbss2.* .gnu.linkonce.sb2.*)
 *(.scommon)
                [!provide]                        PROVIDE (__sbss_end, ABSOLUTE (.))
                [!provide]                        PROVIDE (___sbss_end, ABSOLUTE (.))
 *(.dynbss)
 *(.bss .bss.* .gnu.linkonce.b.*)
 .bss           0x00000000000104ec        0x0 /home/socadmin/CPU/nios-system-2022/nios_siso/simulation/mentor/libraries/../../../software/nios_siso_bsp//obj/HAL/src/crt0.o
 .bss           0x00000000000104ec        0x0 obj/default/copy.o
 .bss           0x00000000000104ec        0x0 /home/socadmin/CPU/nios-system-2022/nios_siso/simulation/mentor/libraries/../../../software/nios_siso_bsp//libhal_bsp.a(alt_load.o)
 .bss           0x00000000000104ec        0x0 /home/socadmin/CPU/nios-system-2022/nios_siso/simulation/mentor/libraries/../../../software/nios_siso_bsp//libhal_bsp.a(alt_main.o)
 .bss           0x00000000000104ec        0x0 /home/socadmin/CPU/nios-system-2022/nios_siso/simulation/mentor/libraries/../../../software/nios_siso_bsp//libhal_bsp.a(alt_putstr.o)
 .bss           0x00000000000104ec        0x0 /home/socadmin/CPU/nios-system-2022/nios_siso/simulation/mentor/libraries/../../../software/nios_siso_bsp//libhal_bsp.a(alt_sys_init.o)
 .bss           0x00000000000104ec        0x0 /home/socadmin/CPU/nios-system-2022/nios_siso/simulation/mentor/libraries/../../../software/nios_siso_bsp//libhal_bsp.a(altera_avalon_jtag_uart_write.o)
 .bss           0x00000000000104ec        0x0 /home/socadmin/CPU/nios-system-2022/nios_siso/simulation/mentor/libraries/../../../software/nios_siso_bsp//libhal_bsp.a(alt_dcache_flush_all.o)
 .bss           0x00000000000104ec        0x0 /home/socadmin/CPU/nios-system-2022/nios_siso/simulation/mentor/libraries/../../../software/nios_siso_bsp//libhal_bsp.a(alt_icache_flush_all.o)
 .bss           0x00000000000104ec        0x0 /home/socadmin/CPU/nios-system-2022/nios_siso/simulation/mentor/libraries/../../../software/nios_siso_bsp//libhal_bsp.a(altera_nios2_gen2_irq.o)
 .bss           0x00000000000104ec        0x0 /remote/labware/packages/intel/quartus/18.1/nios2eds/bin/gnu/H-x86_64-pc-linux-gnu/bin/../lib/gcc/nios2-elf/5.3.0/../../../../../H-x86_64-pc-linux-gnu/nios2-elf/lib/mno-hw-mul/libsmallc.a(lib_a-strlen.o)
 *(COMMON)
                0x00000000000104ec                . = ALIGN (0x4)
                0x00000000000104ec                __bss_end = ABSOLUTE (.)

.on_chip_ra     0x00000000000104ec        0x0
                [!provide]                        PROVIDE (_alt_partition_on_chip_ra_start, ABSOLUTE (.))
 *(.on_chip_ra .on_chip_ra. on_chip_ra.*)
                0x00000000000104ec                . = ALIGN (0x4)
                [!provide]                        PROVIDE (_alt_partition_on_chip_ra_end, ABSOLUTE (.))
                0x00000000000104ec                _end = ABSOLUTE (.)
                0x00000000000104ec                end = ABSOLUTE (.)
                0x00000000000104ec                __alt_stack_base = ABSOLUTE (.)
                [!provide]                        PROVIDE (_alt_partition_on_chip_ra_load_addr, LOADADDR (.on_chip_ra))

.stab
 *(.stab)

.stabstr
 *(.stabstr)

.stab.excl
 *(.stab.excl)

.stab.exclstr
 *(.stab.exclstr)

.stab.index
 *(.stab.index)

.stab.indexstr
 *(.stab.indexstr)

.comment        0x0000000000000000       0x46
 *(.comment)
 .comment       0x0000000000000000       0x23 obj/default/copy.o
                                         0x24 (size before relaxing)
 .comment       0x0000000000000023       0x23 /home/socadmin/CPU/nios-system-2022/nios_siso/simulation/mentor/libraries/../../../software/nios_siso_bsp//libhal_bsp.a(alt_load.o)
                                         0x24 (size before relaxing)
 .comment       0x0000000000000046       0x24 /home/socadmin/CPU/nios-system-2022/nios_siso/simulation/mentor/libraries/../../../software/nios_siso_bsp//libhal_bsp.a(alt_main.o)
 .comment       0x0000000000000046       0x24 /home/socadmin/CPU/nios-system-2022/nios_siso/simulation/mentor/libraries/../../../software/nios_siso_bsp//libhal_bsp.a(alt_putstr.o)
 .comment       0x0000000000000046       0x24 /home/socadmin/CPU/nios-system-2022/nios_siso/simulation/mentor/libraries/../../../software/nios_siso_bsp//libhal_bsp.a(alt_sys_init.o)
 .comment       0x0000000000000046       0x24 /home/socadmin/CPU/nios-system-2022/nios_siso/simulation/mentor/libraries/../../../software/nios_siso_bsp//libhal_bsp.a(altera_avalon_jtag_uart_write.o)
 .comment       0x0000000000000046       0x24 /home/socadmin/CPU/nios-system-2022/nios_siso/simulation/mentor/libraries/../../../software/nios_siso_bsp//libhal_bsp.a(alt_dcache_flush_all.o)
 .comment       0x0000000000000046       0x24 /home/socadmin/CPU/nios-system-2022/nios_siso/simulation/mentor/libraries/../../../software/nios_siso_bsp//libhal_bsp.a(alt_icache_flush_all.o)
 .comment       0x0000000000000046       0x24 /home/socadmin/CPU/nios-system-2022/nios_siso/simulation/mentor/libraries/../../../software/nios_siso_bsp//libhal_bsp.a(altera_nios2_gen2_irq.o)
 .comment       0x0000000000000046       0x24 /remote/labware/packages/intel/quartus/18.1/nios2eds/bin/gnu/H-x86_64-pc-linux-gnu/bin/../lib/gcc/nios2-elf/5.3.0/../../../../../H-x86_64-pc-linux-gnu/nios2-elf/lib/mno-hw-mul/libsmallc.a(lib_a-strlen.o)

.debug
 *(.debug)

.line
 *(.line)

.debug_srcinfo
 *(.debug_srcinfo)

.debug_sfnames
 *(.debug_sfnames)

.debug_aranges  0x0000000000000000      0x168
 *(.debug_aranges)
 .debug_aranges
                0x0000000000000000       0x28 /home/socadmin/CPU/nios-system-2022/nios_siso/simulation/mentor/libraries/../../../software/nios_siso_bsp//obj/HAL/src/crt0.o
 .debug_aranges
                0x0000000000000028       0x20 obj/default/copy.o
 .debug_aranges
                0x0000000000000048       0x20 /home/socadmin/CPU/nios-system-2022/nios_siso/simulation/mentor/libraries/../../../software/nios_siso_bsp//libhal_bsp.a(alt_load.o)
 .debug_aranges
                0x0000000000000068       0x20 /home/socadmin/CPU/nios-system-2022/nios_siso/simulation/mentor/libraries/../../../software/nios_siso_bsp//libhal_bsp.a(alt_main.o)
 .debug_aranges
                0x0000000000000088       0x20 /home/socadmin/CPU/nios-system-2022/nios_siso/simulation/mentor/libraries/../../../software/nios_siso_bsp//libhal_bsp.a(alt_putstr.o)
 .debug_aranges
                0x00000000000000a8       0x20 /home/socadmin/CPU/nios-system-2022/nios_siso/simulation/mentor/libraries/../../../software/nios_siso_bsp//libhal_bsp.a(alt_sys_init.o)
 .debug_aranges
                0x00000000000000c8       0x20 /home/socadmin/CPU/nios-system-2022/nios_siso/simulation/mentor/libraries/../../../software/nios_siso_bsp//libhal_bsp.a(altera_avalon_jtag_uart_write.o)
 .debug_aranges
                0x00000000000000e8       0x20 /home/socadmin/CPU/nios-system-2022/nios_siso/simulation/mentor/libraries/../../../software/nios_siso_bsp//libhal_bsp.a(alt_dcache_flush_all.o)
 .debug_aranges
                0x0000000000000108       0x20 /home/socadmin/CPU/nios-system-2022/nios_siso/simulation/mentor/libraries/../../../software/nios_siso_bsp//libhal_bsp.a(alt_icache_flush_all.o)
 .debug_aranges
                0x0000000000000128       0x20 /home/socadmin/CPU/nios-system-2022/nios_siso/simulation/mentor/libraries/../../../software/nios_siso_bsp//libhal_bsp.a(altera_nios2_gen2_irq.o)
 .debug_aranges
                0x0000000000000148       0x20 /remote/labware/packages/intel/quartus/18.1/nios2eds/bin/gnu/H-x86_64-pc-linux-gnu/bin/../lib/gcc/nios2-elf/5.3.0/../../../../../H-x86_64-pc-linux-gnu/nios2-elf/lib/mno-hw-mul/libsmallc.a(lib_a-strlen.o)

.debug_pubnames
 *(.debug_pubnames)

.debug_info     0x0000000000000000      0x9ec
 *(.debug_info .gnu.linkonce.wi.*)
 .debug_info    0x0000000000000000       0x79 /home/socadmin/CPU/nios-system-2022/nios_siso/simulation/mentor/libraries/../../../software/nios_siso_bsp//obj/HAL/src/crt0.o
 .debug_info    0x0000000000000079       0xcf obj/default/copy.o
 .debug_info    0x0000000000000148      0x13e /home/socadmin/CPU/nios-system-2022/nios_siso/simulation/mentor/libraries/../../../software/nios_siso_bsp//libhal_bsp.a(alt_load.o)
 .debug_info    0x0000000000000286      0x117 /home/socadmin/CPU/nios-system-2022/nios_siso/simulation/mentor/libraries/../../../software/nios_siso_bsp//libhal_bsp.a(alt_main.o)
 .debug_info    0x000000000000039d       0xee /home/socadmin/CPU/nios-system-2022/nios_siso/simulation/mentor/libraries/../../../software/nios_siso_bsp//libhal_bsp.a(alt_putstr.o)
 .debug_info    0x000000000000048b      0x169 /home/socadmin/CPU/nios-system-2022/nios_siso/simulation/mentor/libraries/../../../software/nios_siso_bsp//libhal_bsp.a(alt_sys_init.o)
 .debug_info    0x00000000000005f4      0x18e /home/socadmin/CPU/nios-system-2022/nios_siso/simulation/mentor/libraries/../../../software/nios_siso_bsp//libhal_bsp.a(altera_avalon_jtag_uart_write.o)
 .debug_info    0x0000000000000782       0x8b /home/socadmin/CPU/nios-system-2022/nios_siso/simulation/mentor/libraries/../../../software/nios_siso_bsp//libhal_bsp.a(alt_dcache_flush_all.o)
 .debug_info    0x000000000000080d       0x8b /home/socadmin/CPU/nios-system-2022/nios_siso/simulation/mentor/libraries/../../../software/nios_siso_bsp//libhal_bsp.a(alt_icache_flush_all.o)
 .debug_info    0x0000000000000898       0x8b /home/socadmin/CPU/nios-system-2022/nios_siso/simulation/mentor/libraries/../../../software/nios_siso_bsp//libhal_bsp.a(altera_nios2_gen2_irq.o)
 .debug_info    0x0000000000000923       0xc9 /remote/labware/packages/intel/quartus/18.1/nios2eds/bin/gnu/H-x86_64-pc-linux-gnu/bin/../lib/gcc/nios2-elf/5.3.0/../../../../../H-x86_64-pc-linux-gnu/nios2-elf/lib/mno-hw-mul/libsmallc.a(lib_a-strlen.o)

.debug_abbrev   0x0000000000000000      0x596
 *(.debug_abbrev)
 .debug_abbrev  0x0000000000000000       0x12 /home/socadmin/CPU/nios-system-2022/nios_siso/simulation/mentor/libraries/../../../software/nios_siso_bsp//obj/HAL/src/crt0.o
 .debug_abbrev  0x0000000000000012       0x9e obj/default/copy.o
 .debug_abbrev  0x00000000000000b0       0x9f /home/socadmin/CPU/nios-system-2022/nios_siso/simulation/mentor/libraries/../../../software/nios_siso_bsp//libhal_bsp.a(alt_load.o)
 .debug_abbrev  0x000000000000014f       0xa9 /home/socadmin/CPU/nios-system-2022/nios_siso/simulation/mentor/libraries/../../../software/nios_siso_bsp//libhal_bsp.a(alt_main.o)
 .debug_abbrev  0x00000000000001f8       0x99 /home/socadmin/CPU/nios-system-2022/nios_siso/simulation/mentor/libraries/../../../software/nios_siso_bsp//libhal_bsp.a(alt_putstr.o)
 .debug_abbrev  0x0000000000000291       0xeb /home/socadmin/CPU/nios-system-2022/nios_siso/simulation/mentor/libraries/../../../software/nios_siso_bsp//libhal_bsp.a(alt_sys_init.o)
 .debug_abbrev  0x000000000000037c       0xd5 /home/socadmin/CPU/nios-system-2022/nios_siso/simulation/mentor/libraries/../../../software/nios_siso_bsp//libhal_bsp.a(altera_avalon_jtag_uart_write.o)
 .debug_abbrev  0x0000000000000451       0x42 /home/socadmin/CPU/nios-system-2022/nios_siso/simulation/mentor/libraries/../../../software/nios_siso_bsp//libhal_bsp.a(alt_dcache_flush_all.o)
 .debug_abbrev  0x0000000000000493       0x42 /home/socadmin/CPU/nios-system-2022/nios_siso/simulation/mentor/libraries/../../../software/nios_siso_bsp//libhal_bsp.a(alt_icache_flush_all.o)
 .debug_abbrev  0x00000000000004d5       0x42 /home/socadmin/CPU/nios-system-2022/nios_siso/simulation/mentor/libraries/../../../software/nios_siso_bsp//libhal_bsp.a(altera_nios2_gen2_irq.o)
 .debug_abbrev  0x0000000000000517       0x7f /remote/labware/packages/intel/quartus/18.1/nios2eds/bin/gnu/H-x86_64-pc-linux-gnu/bin/../lib/gcc/nios2-elf/5.3.0/../../../../../H-x86_64-pc-linux-gnu/nios2-elf/lib/mno-hw-mul/libsmallc.a(lib_a-strlen.o)

.debug_line     0x0000000000000000      0x688
 *(.debug_line)
 .debug_line    0x0000000000000000       0x66 /home/socadmin/CPU/nios-system-2022/nios_siso/simulation/mentor/libraries/../../../software/nios_siso_bsp//obj/HAL/src/crt0.o
 .debug_line    0x0000000000000066       0x8a obj/default/copy.o
 .debug_line    0x00000000000000f0       0x8d /home/socadmin/CPU/nios-system-2022/nios_siso/simulation/mentor/libraries/../../../software/nios_siso_bsp//libhal_bsp.a(alt_load.o)
 .debug_line    0x000000000000017d       0x99 /home/socadmin/CPU/nios-system-2022/nios_siso/simulation/mentor/libraries/../../../software/nios_siso_bsp//libhal_bsp.a(alt_main.o)
 .debug_line    0x0000000000000216       0x48 /home/socadmin/CPU/nios-system-2022/nios_siso/simulation/mentor/libraries/../../../software/nios_siso_bsp//libhal_bsp.a(alt_putstr.o)
 .debug_line    0x000000000000025e       0xe9 /home/socadmin/CPU/nios-system-2022/nios_siso/simulation/mentor/libraries/../../../software/nios_siso_bsp//libhal_bsp.a(alt_sys_init.o)
 .debug_line    0x0000000000000347       0xf4 /home/socadmin/CPU/nios-system-2022/nios_siso/simulation/mentor/libraries/../../../software/nios_siso_bsp//libhal_bsp.a(altera_avalon_jtag_uart_write.o)
 .debug_line    0x000000000000043b       0x51 /home/socadmin/CPU/nios-system-2022/nios_siso/simulation/mentor/libraries/../../../software/nios_siso_bsp//libhal_bsp.a(alt_dcache_flush_all.o)
 .debug_line    0x000000000000048c       0x4f /home/socadmin/CPU/nios-system-2022/nios_siso/simulation/mentor/libraries/../../../software/nios_siso_bsp//libhal_bsp.a(alt_icache_flush_all.o)
 .debug_line    0x00000000000004db       0x51 /home/socadmin/CPU/nios-system-2022/nios_siso/simulation/mentor/libraries/../../../software/nios_siso_bsp//libhal_bsp.a(altera_nios2_gen2_irq.o)
 .debug_line    0x000000000000052c      0x15c /remote/labware/packages/intel/quartus/18.1/nios2eds/bin/gnu/H-x86_64-pc-linux-gnu/bin/../lib/gcc/nios2-elf/5.3.0/../../../../../H-x86_64-pc-linux-gnu/nios2-elf/lib/mno-hw-mul/libsmallc.a(lib_a-strlen.o)

.debug_frame    0x0000000000000000      0x250
 *(.debug_frame)
 .debug_frame   0x0000000000000000       0x38 obj/default/copy.o
 .debug_frame   0x0000000000000038       0x5c /home/socadmin/CPU/nios-system-2022/nios_siso/simulation/mentor/libraries/../../../software/nios_siso_bsp//libhal_bsp.a(alt_load.o)
 .debug_frame   0x0000000000000094       0x38 /home/socadmin/CPU/nios-system-2022/nios_siso/simulation/mentor/libraries/../../../software/nios_siso_bsp//libhal_bsp.a(alt_main.o)
 .debug_frame   0x00000000000000cc       0x38 /home/socadmin/CPU/nios-system-2022/nios_siso/simulation/mentor/libraries/../../../software/nios_siso_bsp//libhal_bsp.a(alt_putstr.o)
 .debug_frame   0x0000000000000104       0x5c /home/socadmin/CPU/nios-system-2022/nios_siso/simulation/mentor/libraries/../../../software/nios_siso_bsp//libhal_bsp.a(alt_sys_init.o)
 .debug_frame   0x0000000000000160       0x34 /home/socadmin/CPU/nios-system-2022/nios_siso/simulation/mentor/libraries/../../../software/nios_siso_bsp//libhal_bsp.a(altera_avalon_jtag_uart_write.o)
 .debug_frame   0x0000000000000194       0x34 /home/socadmin/CPU/nios-system-2022/nios_siso/simulation/mentor/libraries/../../../software/nios_siso_bsp//libhal_bsp.a(alt_dcache_flush_all.o)
 .debug_frame   0x00000000000001c8       0x34 /home/socadmin/CPU/nios-system-2022/nios_siso/simulation/mentor/libraries/../../../software/nios_siso_bsp//libhal_bsp.a(alt_icache_flush_all.o)
 .debug_frame   0x00000000000001fc       0x34 /home/socadmin/CPU/nios-system-2022/nios_siso/simulation/mentor/libraries/../../../software/nios_siso_bsp//libhal_bsp.a(altera_nios2_gen2_irq.o)
 .debug_frame   0x0000000000000230       0x20 /remote/labware/packages/intel/quartus/18.1/nios2eds/bin/gnu/H-x86_64-pc-linux-gnu/bin/../lib/gcc/nios2-elf/5.3.0/../../../../../H-x86_64-pc-linux-gnu/nios2-elf/lib/mno-hw-mul/libsmallc.a(lib_a-strlen.o)

.debug_str      0x0000000000000000      0x5f1
 *(.debug_str)
 .debug_str     0x0000000000000000       0x9f obj/default/copy.o
                                         0xb1 (size before relaxing)
 .debug_str     0x000000000000009f      0x1be /home/socadmin/CPU/nios-system-2022/nios_siso/simulation/mentor/libraries/../../../software/nios_siso_bsp//libhal_bsp.a(alt_load.o)
                                        0x200 (size before relaxing)
 .debug_str     0x000000000000025d       0x75 /home/socadmin/CPU/nios-system-2022/nios_siso/simulation/mentor/libraries/../../../software/nios_siso_bsp//libhal_bsp.a(alt_main.o)
                                        0x184 (size before relaxing)
 .debug_str     0x00000000000002d2       0x6a /home/socadmin/CPU/nios-system-2022/nios_siso/simulation/mentor/libraries/../../../software/nios_siso_bsp//libhal_bsp.a(alt_putstr.o)
                                        0x179 (size before relaxing)
 .debug_str     0x000000000000033c       0x85 /home/socadmin/CPU/nios-system-2022/nios_siso/simulation/mentor/libraries/../../../software/nios_siso_bsp//libhal_bsp.a(alt_sys_init.o)
                                        0x1f9 (size before relaxing)
 .debug_str     0x00000000000003c1       0x3f /home/socadmin/CPU/nios-system-2022/nios_siso/simulation/mentor/libraries/../../../software/nios_siso_bsp//libhal_bsp.a(altera_avalon_jtag_uart_write.o)
                                        0x203 (size before relaxing)
 .debug_str     0x0000000000000400       0x34 /home/socadmin/CPU/nios-system-2022/nios_siso/simulation/mentor/libraries/../../../software/nios_siso_bsp//libhal_bsp.a(alt_dcache_flush_all.o)
                                        0x143 (size before relaxing)
 .debug_str     0x0000000000000434       0x34 /home/socadmin/CPU/nios-system-2022/nios_siso/simulation/mentor/libraries/../../../software/nios_siso_bsp//libhal_bsp.a(alt_icache_flush_all.o)
                                        0x143 (size before relaxing)
 .debug_str     0x0000000000000468       0x3b /home/socadmin/CPU/nios-system-2022/nios_siso/simulation/mentor/libraries/../../../software/nios_siso_bsp//libhal_bsp.a(altera_nios2_gen2_irq.o)
                                        0x14a (size before relaxing)
 .debug_str     0x00000000000004a3      0x14e /remote/labware/packages/intel/quartus/18.1/nios2eds/bin/gnu/H-x86_64-pc-linux-gnu/bin/../lib/gcc/nios2-elf/5.3.0/../../../../../H-x86_64-pc-linux-gnu/nios2-elf/lib/mno-hw-mul/libsmallc.a(lib_a-strlen.o)
                                        0x1e6 (size before relaxing)

.debug_loc      0x0000000000000000       0x1e
 *(.debug_loc)
 .debug_loc     0x0000000000000000       0x1e /remote/labware/packages/intel/quartus/18.1/nios2eds/bin/gnu/H-x86_64-pc-linux-gnu/bin/../lib/gcc/nios2-elf/5.3.0/../../../../../H-x86_64-pc-linux-gnu/nios2-elf/lib/mno-hw-mul/libsmallc.a(lib_a-strlen.o)

.debug_macinfo
 *(.debug_macinfo)

.debug_weaknames
 *(.debug_weaknames)

.debug_funcnames
 *(.debug_funcnames)

.debug_typenames
 *(.debug_typenames)

.debug_varnames
 *(.debug_varnames)

.debug_alt_sim_info
                0x0000000000000000       0x10
 *(.debug_alt_sim_info)
 .debug_alt_sim_info
                0x0000000000000000       0x10 /home/socadmin/CPU/nios-system-2022/nios_siso/simulation/mentor/libraries/../../../software/nios_siso_bsp//obj/HAL/src/crt0.o
                0x0000000000020000                __alt_data_end = 0x20000
                0x0000000000020000                PROVIDE (__alt_stack_pointer, __alt_data_end)
                [!provide]                        PROVIDE (__alt_stack_limit, __alt_stack_base)
                [!provide]                        PROVIDE (__alt_heap_start, end)
                [!provide]                        PROVIDE (__alt_heap_limit, 0x20000)
OUTPUT(copy.elf elf32-littlenios2)

.debug_ranges   0x0000000000000000       0x30
 .debug_ranges  0x0000000000000000       0x20 /home/socadmin/CPU/nios-system-2022/nios_siso/simulation/mentor/libraries/../../../software/nios_siso_bsp//obj/HAL/src/crt0.o
 .debug_ranges  0x0000000000000020       0x10 /remote/labware/packages/intel/quartus/18.1/nios2eds/bin/gnu/H-x86_64-pc-linux-gnu/bin/../lib/gcc/nios2-elf/5.3.0/../../../../../H-x86_64-pc-linux-gnu/nios2-elf/lib/mno-hw-mul/libsmallc.a(lib_a-strlen.o)
