Archive member included to satisfy reference by file (symbol)

/home/socadmin/CPU/nios-system-2022/nios_siso/simulation/mentor/libraries/../../../software/nios_siso_bsp//libhal_bsp.a(alt_load.o)
                              /home/socadmin/CPU/nios-system-2022/nios_siso/simulation/mentor/libraries/../../../software/nios_siso_bsp//obj/HAL/src/crt0.o (alt_load)
/home/socadmin/CPU/nios-system-2022/nios_siso/simulation/mentor/libraries/../../../software/nios_siso_bsp//libhal_bsp.a(alt_main.o)
                              /home/socadmin/CPU/nios-system-2022/nios_siso/simulation/mentor/libraries/../../../software/nios_siso_bsp//obj/HAL/src/crt0.o (alt_main)
/home/socadmin/CPU/nios-system-2022/nios_siso/simulation/mentor/libraries/../../../software/nios_siso_bsp//libhal_bsp.a(alt_printf.o)
                              obj/default/sec_filter.o (alt_printf)
/home/socadmin/CPU/nios-system-2022/nios_siso/simulation/mentor/libraries/../../../software/nios_siso_bsp//libhal_bsp.a(alt_putchar.o)
                              /home/socadmin/CPU/nios-system-2022/nios_siso/simulation/mentor/libraries/../../../software/nios_siso_bsp//libhal_bsp.a(alt_printf.o) (alt_putchar)
/home/socadmin/CPU/nios-system-2022/nios_siso/simulation/mentor/libraries/../../../software/nios_siso_bsp//libhal_bsp.a(alt_putstr.o)
                              obj/default/sec_filter.o (alt_putstr)
/home/socadmin/CPU/nios-system-2022/nios_siso/simulation/mentor/libraries/../../../software/nios_siso_bsp//libhal_bsp.a(alt_sys_init.o)
                              /home/socadmin/CPU/nios-system-2022/nios_siso/simulation/mentor/libraries/../../../software/nios_siso_bsp//libhal_bsp.a(alt_putchar.o) (jtag_uart_0)
/home/socadmin/CPU/nios-system-2022/nios_siso/simulation/mentor/libraries/../../../software/nios_siso_bsp//libhal_bsp.a(altera_avalon_jtag_uart_write.o)
                              /home/socadmin/CPU/nios-system-2022/nios_siso/simulation/mentor/libraries/../../../software/nios_siso_bsp//libhal_bsp.a(alt_putchar.o) (altera_avalon_jtag_uart_write)
/home/socadmin/CPU/nios-system-2022/nios_siso/simulation/mentor/libraries/../../../software/nios_siso_bsp//libhal_bsp.a(alt_dcache_flush_all.o)
                              /home/socadmin/CPU/nios-system-2022/nios_siso/simulation/mentor/libraries/../../../software/nios_siso_bsp//libhal_bsp.a(alt_load.o) (alt_dcache_flush_all)
/home/socadmin/CPU/nios-system-2022/nios_siso/simulation/mentor/libraries/../../../software/nios_siso_bsp//libhal_bsp.a(alt_icache_flush_all.o)
                              /home/socadmin/CPU/nios-system-2022/nios_siso/simulation/mentor/libraries/../../../software/nios_siso_bsp//libhal_bsp.a(alt_load.o) (alt_icache_flush_all)
/home/socadmin/CPU/nios-system-2022/nios_siso/simulation/mentor/libraries/../../../software/nios_siso_bsp//libhal_bsp.a(altera_nios2_gen2_irq.o)
                              /home/socadmin/CPU/nios-system-2022/nios_siso/simulation/mentor/libraries/../../../software/nios_siso_bsp//libhal_bsp.a(alt_sys_init.o) (altera_nios2_gen2_irq_init)
/remote/labware/packages/intel/quartus/18.1/nios2eds/bin/gnu/H-x86_64-pc-linux-gnu/bin/../lib/gcc/nios2-elf/5.3.0/../../../../../H-x86_64-pc-linux-gnu/nios2-elf/lib/mno-hw-mul/libsmallc.a(lib_a-strlen.o)
                              /home/socadmin/CPU/nios-system-2022/nios_siso/simulation/mentor/libraries/../../../software/nios_siso_bsp//libhal_bsp.a(alt_putstr.o) (strlen)

Memory Configuration

Name             Origin             Length             Attributes
reset            0x0000000000010000 0x0000000000000020
on_chip_ra       0x0000000000010020 0x000000000000ffe0
*default*        0x0000000000000000 0xffffffffffffffff

Linker script and memory map

LOAD /home/socadmin/CPU/nios-system-2022/nios_siso/simulation/mentor/libraries/../../../software/nios_siso_bsp//obj/HAL/src/crt0.o
LOAD obj/default/sec_filter.o
LOAD /remote/labware/packages/intel/quartus/18.1/nios2eds/bin/gnu/H-x86_64-pc-linux-gnu/bin/../lib/gcc/nios2-elf/5.3.0/../../../../../H-x86_64-pc-linux-gnu/nios2-elf/lib/mno-hw-mul/libstdc++.a
LOAD /remote/labware/packages/intel/quartus/18.1/nios2eds/bin/gnu/H-x86_64-pc-linux-gnu/bin/../lib/gcc/nios2-elf/5.3.0/../../../../../H-x86_64-pc-linux-gnu/nios2-elf/lib/mno-hw-mul/libm.a
LOAD /remote/labware/packages/intel/quartus/18.1/nios2eds/bin/gnu/H-x86_64-pc-linux-gnu/bin/../lib/gcc/nios2-elf/5.3.0/mno-hw-mul/libgcc.a
START GROUP
LOAD /remote/labware/packages/intel/quartus/18.1/nios2eds/bin/gnu/H-x86_64-pc-linux-gnu/bin/../lib/gcc/nios2-elf/5.3.0/../../../../../H-x86_64-pc-linux-gnu/nios2-elf/lib/mno-hw-mul/libsmallc.a
LOAD /remote/labware/packages/intel/quartus/18.1/nios2eds/bin/gnu/H-x86_64-pc-linux-gnu/bin/../lib/gcc/nios2-elf/5.3.0/mno-hw-mul/libgcc.a
LOAD /home/socadmin/CPU/nios-system-2022/nios_siso/simulation/mentor/libraries/../../../software/nios_siso_bsp//libhal_bsp.a
LOAD /remote/labware/packages/intel/quartus/18.1/nios2eds/bin/gnu/H-x86_64-pc-linux-gnu/bin/../lib/gcc/nios2-elf/5.3.0/../../../../../H-x86_64-pc-linux-gnu/nios2-elf/lib/mno-hw-mul/libm.a
END GROUP
LOAD /remote/labware/packages/intel/quartus/18.1/nios2eds/bin/gnu/H-x86_64-pc-linux-gnu/bin/../lib/gcc/nios2-elf/5.3.0/mno-hw-mul/libgcc.a
                0x0000000000010000                __alt_mem_on_chip_ra = 0x10000

.entry          0x0000000000010000       0x20
 *(.entry)
 .entry         0x0000000000010000       0x20 /home/socadmin/CPU/nios-system-2022/nios_siso/simulation/mentor/libraries/../../../software/nios_siso_bsp//obj/HAL/src/crt0.o
                0x0000000000010000                __reset
                0x000000000001000c                _exit

.exceptions     0x0000000000010020        0x0
                0x0000000000010020                PROVIDE (__ram_exceptions_start, ABSOLUTE (.))
                0x0000000000010020                . = ALIGN (0x20)
 *(.irq)
 *(.exceptions.entry.label)
 *(.exceptions.entry.user)
 *(.exceptions.entry.ecc_fatal)
 *(.exceptions.entry)
 *(.exceptions.irqtest.user)
 *(.exceptions.irqtest)
 *(.exceptions.irqhandler.user)
 *(.exceptions.irqhandler)
 *(.exceptions.irqreturn.user)
 *(.exceptions.irqreturn)
 *(.exceptions.notirq.label)
 *(.exceptions.notirq.user)
 *(.exceptions.notirq)
 *(.exceptions.soft.user)
 *(.exceptions.soft)
 *(.exceptions.unknown.user)
 *(.exceptions.unknown)
 *(.exceptions.exit.label)
 *(.exceptions.exit.user)
 *(.exceptions.exit)
 *(.exceptions)
                0x0000000000010020                PROVIDE (__ram_exceptions_end, ABSOLUTE (.))
                0x0000000000010020                PROVIDE (__flash_exceptions_start, LOADADDR (.exceptions))

.text           0x0000000000010020      0xa60
                [!provide]                        PROVIDE (stext, ABSOLUTE (.))
 *(.interp)
 *(.hash)
 *(.dynsym)
 *(.dynstr)
 *(.gnu.version)
 *(.gnu.version_d)
 *(.gnu.version_r)
 *(.rel.init)
 *(.rela.init)
 *(.rel.text .rel.text.* .rel.gnu.linkonce.t.*)
 *(.rela.text .rela.text.* .rela.gnu.linkonce.t.*)
 *(.rel.fini)
 *(.rela.fini)
 *(.rel.rodata .rel.rodata.* .rel.gnu.linkonce.r.*)
 *(.rela.rodata .rela.rodata.* .rela.gnu.linkonce.r.*)
 *(.rel.data .rel.data.* .rel.gnu.linkonce.d.*)
 *(.rela.data .rela.data.* .rela.gnu.linkonce.d.*)
 *(.rel.tdata .rel.tdata.* .rel.gnu.linkonce.td.*)
 *(.rela.tdata .rela.tdata.* .rela.gnu.linkonce.td.*)
 *(.rel.tbss .rel.tbss.* .rel.gnu.linkonce.tb.*)
 *(.rela.tbss .rela.tbss.* .rela.gnu.linkonce.tb.*)
 *(.rel.ctors)
 *(.rela.ctors)
 *(.rel.dtors)
 *(.rela.dtors)
 *(.rel.got)
 *(.rela.got)
 *(.rel.sdata .rel.sdata.* .rel.gnu.linkonce.s.*)
 *(.rela.sdata .rela.sdata.* .rela.gnu.linkonce.s.*)
 *(.rel.sbss .rel.sbss.* .rel.gnu.linkonce.sb.*)
 *(.rela.sbss .rela.sbss.* .rela.gnu.linkonce.sb.*)
 *(.rel.sdata2 .rel.sdata2.* .rel.gnu.linkonce.s2.*)
 *(.rela.sdata2 .rela.sdata2.* .rela.gnu.linkonce.s2.*)
 *(.rel.sbss2 .rel.sbss2.* .rel.gnu.linkonce.sb2.*)
 *(.rela.sbss2 .rela.sbss2.* .rela.gnu.linkonce.sb2.*)
 *(.rel.bss .rel.bss.* .rel.gnu.linkonce.b.*)
 *(.rela.bss .rela.bss.* .rela.gnu.linkonce.b.*)
 *(.rel.plt)
 *(.rela.plt)
 *(.rel.dyn)
 *(.init)
 *(.plt)
 *(.text .stub .text.* .gnu.linkonce.t.*)
 .text          0x0000000000010020       0x3c /home/socadmin/CPU/nios-system-2022/nios_siso/simulation/mentor/libraries/../../../software/nios_siso_bsp//obj/HAL/src/crt0.o
                0x0000000000010020                _start
 .text          0x000000000001005c      0x4d0 obj/default/sec_filter.o
                0x00000000000102c8                main
 .text          0x000000000001052c       0xe4 /home/socadmin/CPU/nios-system-2022/nios_siso/simulation/mentor/libraries/../../../software/nios_siso_bsp//libhal_bsp.a(alt_load.o)
                0x0000000000010590                alt_load
 .text          0x0000000000010610       0x4c /home/socadmin/CPU/nios-system-2022/nios_siso/simulation/mentor/libraries/../../../software/nios_siso_bsp//libhal_bsp.a(alt_main.o)
                0x0000000000010610                alt_main
 .text          0x000000000001065c      0x228 /home/socadmin/CPU/nios-system-2022/nios_siso/simulation/mentor/libraries/../../../software/nios_siso_bsp//libhal_bsp.a(alt_printf.o)
                0x000000000001065c                alt_printf
 .text          0x0000000000010884       0x5c /home/socadmin/CPU/nios-system-2022/nios_siso/simulation/mentor/libraries/../../../software/nios_siso_bsp//libhal_bsp.a(alt_putchar.o)
                0x0000000000010884                alt_putchar
 .text          0x00000000000108e0       0x48 /home/socadmin/CPU/nios-system-2022/nios_siso/simulation/mentor/libraries/../../../software/nios_siso_bsp//libhal_bsp.a(alt_putstr.o)
                0x00000000000108e0                alt_putstr
 .text          0x0000000000010928       0x50 /home/socadmin/CPU/nios-system-2022/nios_siso/simulation/mentor/libraries/../../../software/nios_siso_bsp//libhal_bsp.a(alt_sys_init.o)
                0x0000000000010928                alt_irq_init
                0x000000000001095c                alt_sys_init
 .text          0x0000000000010978       0x94 /home/socadmin/CPU/nios-system-2022/nios_siso/simulation/mentor/libraries/../../../software/nios_siso_bsp//libhal_bsp.a(altera_avalon_jtag_uart_write.o)
                0x0000000000010978                altera_avalon_jtag_uart_write
 .text          0x0000000000010a0c       0x1c /home/socadmin/CPU/nios-system-2022/nios_siso/simulation/mentor/libraries/../../../software/nios_siso_bsp//libhal_bsp.a(alt_dcache_flush_all.o)
                0x0000000000010a0c                alt_dcache_flush_all
 .text          0x0000000000010a28       0x1c /home/socadmin/CPU/nios-system-2022/nios_siso/simulation/mentor/libraries/../../../software/nios_siso_bsp//libhal_bsp.a(alt_icache_flush_all.o)
                0x0000000000010a28                alt_icache_flush_all
 .text          0x0000000000010a44       0x20 /home/socadmin/CPU/nios-system-2022/nios_siso/simulation/mentor/libraries/../../../software/nios_siso_bsp//libhal_bsp.a(altera_nios2_gen2_irq.o)
                0x0000000000010a44                altera_nios2_gen2_irq_init
 .text          0x0000000000010a64        0x0 /remote/labware/packages/intel/quartus/18.1/nios2eds/bin/gnu/H-x86_64-pc-linux-gnu/bin/../lib/gcc/nios2-elf/5.3.0/../../../../../H-x86_64-pc-linux-gnu/nios2-elf/lib/mno-hw-mul/libsmallc.a(lib_a-strlen.o)
 .text.strlen   0x0000000000010a64       0x1c /remote/labware/packages/intel/quartus/18.1/nios2eds/bin/gnu/H-x86_64-pc-linux-gnu/bin/../lib/gcc/nios2-elf/5.3.0/../../../../../H-x86_64-pc-linux-gnu/nios2-elf/lib/mno-hw-mul/libsmallc.a(lib_a-strlen.o)
                0x0000000000010a64                strlen
 *(.gnu.warning.*)
 *(.fini)
                [!provide]                        PROVIDE (__etext, ABSOLUTE (.))
                [!provide]                        PROVIDE (_etext, ABSOLUTE (.))
                [!provide]                        PROVIDE (etext, ABSOLUTE (.))
 *(.eh_frame_hdr)
                0x0000000000010a80                . = ALIGN (0x4)
                [!provide]                        PROVIDE (__preinit_array_start, ABSOLUTE (.))
 *(.preinit_array)
                [!provide]                        PROVIDE (__preinit_array_end, ABSOLUTE (.))
                [!provide]                        PROVIDE (__init_array_start, ABSOLUTE (.))
 *(.init_array)
                [!provide]                        PROVIDE (__init_array_end, ABSOLUTE (.))
                [!provide]                        PROVIDE (__fini_array_start, ABSOLUTE (.))
 *(.fini_array)
                [!provide]                        PROVIDE (__fini_array_end, ABSOLUTE (.))
 *(.eh_frame)
 *(.gcc_except_table .gcc_except_table.*)
 *(.dynamic)
                [!provide]                        PROVIDE (__CTOR_LIST__, ABSOLUTE (.))
 *(.ctors)
 *(SORT(.ctors.*))
                [!provide]                        PROVIDE (__CTOR_END__, ABSOLUTE (.))
                [!provide]                        PROVIDE (__DTOR_LIST__, ABSOLUTE (.))
 *(.dtors)
 *(SORT(.dtors.*))
                [!provide]                        PROVIDE (__DTOR_END__, ABSOLUTE (.))
 *(.jcr)
                0x0000000000010a80                . = ALIGN (0x4)

.rodata         0x0000000000010a80       0x2c
                0x0000000000010a80                PROVIDE (__ram_rodata_start, ABSOLUTE (.))
                0x0000000000010a80                . = ALIGN (0x4)
 *(.rodata .rodata.* .gnu.linkonce.r.*)
 .rodata        0x0000000000010a80       0x2c obj/default/sec_filter.o
 *(.rodata1)
                0x0000000000010aac                . = ALIGN (0x4)
                0x0000000000010aac                PROVIDE (__ram_rodata_end, ABSOLUTE (.))
                0x0000000000010a80                PROVIDE (__flash_rodata_start, LOADADDR (.rodata))

.rwdata         0x0000000000010aac        0x8 load address 0x0000000000010ab4
                0x0000000000010aac                PROVIDE (__ram_rwdata_start, ABSOLUTE (.))
                0x0000000000010aac                . = ALIGN (0x4)
 *(.got.plt)
 *(.got)
 *(.data1)
 *(.data .data.* .gnu.linkonce.d.*)
 .data          0x0000000000010aac        0x0 /home/socadmin/CPU/nios-system-2022/nios_siso/simulation/mentor/libraries/../../../software/nios_siso_bsp//obj/HAL/src/crt0.o
 .data          0x0000000000010aac        0x0 obj/default/sec_filter.o
 .data          0x0000000000010aac        0x0 /home/socadmin/CPU/nios-system-2022/nios_siso/simulation/mentor/libraries/../../../software/nios_siso_bsp//libhal_bsp.a(alt_load.o)
 .data          0x0000000000010aac        0x0 /home/socadmin/CPU/nios-system-2022/nios_siso/simulation/mentor/libraries/../../../software/nios_siso_bsp//libhal_bsp.a(alt_main.o)
 .data          0x0000000000010aac        0x0 /home/socadmin/CPU/nios-system-2022/nios_siso/simulation/mentor/libraries/../../../software/nios_siso_bsp//libhal_bsp.a(alt_printf.o)
 .data          0x0000000000010aac        0x0 /home/socadmin/CPU/nios-system-2022/nios_siso/simulation/mentor/libraries/../../../software/nios_siso_bsp//libhal_bsp.a(alt_putchar.o)
 .data          0x0000000000010aac        0x0 /home/socadmin/CPU/nios-system-2022/nios_siso/simulation/mentor/libraries/../../../software/nios_siso_bsp//libhal_bsp.a(alt_putstr.o)
 .data          0x0000000000010aac        0x0 /home/socadmin/CPU/nios-system-2022/nios_siso/simulation/mentor/libraries/../../../software/nios_siso_bsp//libhal_bsp.a(alt_sys_init.o)
 .data          0x0000000000010aac        0x0 /home/socadmin/CPU/nios-system-2022/nios_siso/simulation/mentor/libraries/../../../software/nios_siso_bsp//libhal_bsp.a(altera_avalon_jtag_uart_write.o)
 .data          0x0000000000010aac        0x0 /home/socadmin/CPU/nios-system-2022/nios_siso/simulation/mentor/libraries/../../../software/nios_siso_bsp//libhal_bsp.a(alt_dcache_flush_all.o)
 .data          0x0000000000010aac        0x0 /home/socadmin/CPU/nios-system-2022/nios_siso/simulation/mentor/libraries/../../../software/nios_siso_bsp//libhal_bsp.a(alt_icache_flush_all.o)
 .data          0x0000000000010aac        0x0 /home/socadmin/CPU/nios-system-2022/nios_siso/simulation/mentor/libraries/../../../software/nios_siso_bsp//libhal_bsp.a(altera_nios2_gen2_irq.o)
 .data          0x0000000000010aac        0x0 /remote/labware/packages/intel/quartus/18.1/nios2eds/bin/gnu/H-x86_64-pc-linux-gnu/bin/../lib/gcc/nios2-elf/5.3.0/../../../../../H-x86_64-pc-linux-gnu/nios2-elf/lib/mno-hw-mul/libsmallc.a(lib_a-strlen.o)
                0x0000000000018aac                _gp = ABSOLUTE ((. + 0x8000))
                [!provide]                        PROVIDE (gp, _gp)
 *(.rwdata .rwdata.*)
 *(.sdata .sdata.* .gnu.linkonce.s.*)
 .sdata         0x0000000000010aac        0x4 obj/default/sec_filter.o
                0x0000000000010aac                IO_CUSTOM
 .sdata         0x0000000000010ab0        0x4 /home/socadmin/CPU/nios-system-2022/nios_siso/simulation/mentor/libraries/../../../software/nios_siso_bsp//libhal_bsp.a(alt_sys_init.o)
                0x0000000000010ab0                jtag_uart_0
 *(.sdata2 .sdata2.* .gnu.linkonce.s2.*)
                0x0000000000010ab4                . = ALIGN (0x4)
                0x0000000000010ab4                _edata = ABSOLUTE (.)
                [!provide]                        PROVIDE (edata, ABSOLUTE (.))
                0x0000000000010ab4                PROVIDE (__ram_rwdata_end, ABSOLUTE (.))
                0x0000000000010ab4                PROVIDE (__flash_rwdata_start, LOADADDR (.rwdata))

.bss            0x0000000000010abc        0xc
                0x0000000000010abc                __bss_start = ABSOLUTE (.)
                [!provide]                        PROVIDE (__sbss_start, ABSOLUTE (.))
                [!provide]                        PROVIDE (___sbss_start, ABSOLUTE (.))
 *(.dynsbss)
 *(.sbss .sbss.* .gnu.linkonce.sb.*)
 .sbss          0x0000000000010abc        0xc /home/socadmin/CPU/nios-system-2022/nios_siso/simulation/mentor/libraries/../../../software/nios_siso_bsp//libhal_bsp.a(alt_main.o)
                0x0000000000010abc                alt_argc
                0x0000000000010ac0                alt_argv
                0x0000000000010ac4                alt_envp
 *(.sbss2 .sbss2.* .gnu.linkonce.sb2.*)
 *(.scommon)
                [!provide]                        PROVIDE (__sbss_end, ABSOLUTE (.))
                [!provide]                        PROVIDE (___sbss_end, ABSOLUTE (.))
 *(.dynbss)
 *(.bss .bss.* .gnu.linkonce.b.*)
 .bss           0x0000000000010ac8        0x0 /home/socadmin/CPU/nios-system-2022/nios_siso/simulation/mentor/libraries/../../../software/nios_siso_bsp//obj/HAL/src/crt0.o
 .bss           0x0000000000010ac8        0x0 obj/default/sec_filter.o
 .bss           0x0000000000010ac8        0x0 /home/socadmin/CPU/nios-system-2022/nios_siso/simulation/mentor/libraries/../../../software/nios_siso_bsp//libhal_bsp.a(alt_load.o)
 .bss           0x0000000000010ac8        0x0 /home/socadmin/CPU/nios-system-2022/nios_siso/simulation/mentor/libraries/../../../software/nios_siso_bsp//libhal_bsp.a(alt_main.o)
 .bss           0x0000000000010ac8        0x0 /home/socadmin/CPU/nios-system-2022/nios_siso/simulation/mentor/libraries/../../../software/nios_siso_bsp//libhal_bsp.a(alt_printf.o)
 .bss           0x0000000000010ac8        0x0 /home/socadmin/CPU/nios-system-2022/nios_siso/simulation/mentor/libraries/../../../software/nios_siso_bsp//libhal_bsp.a(alt_putchar.o)
 .bss           0x0000000000010ac8        0x0 /home/socadmin/CPU/nios-system-2022/nios_siso/simulation/mentor/libraries/../../../software/nios_siso_bsp//libhal_bsp.a(alt_putstr.o)
 .bss           0x0000000000010ac8        0x0 /home/socadmin/CPU/nios-system-2022/nios_siso/simulation/mentor/libraries/../../../software/nios_siso_bsp//libhal_bsp.a(alt_sys_init.o)
 .bss           0x0000000000010ac8        0x0 /home/socadmin/CPU/nios-system-2022/nios_siso/simulation/mentor/libraries/../../../software/nios_siso_bsp//libhal_bsp.a(altera_avalon_jtag_uart_write.o)
 .bss           0x0000000000010ac8        0x0 /home/socadmin/CPU/nios-system-2022/nios_siso/simulation/mentor/libraries/../../../software/nios_siso_bsp//libhal_bsp.a(alt_dcache_flush_all.o)
 .bss           0x0000000000010ac8        0x0 /home/socadmin/CPU/nios-system-2022/nios_siso/simulation/mentor/libraries/../../../software/nios_siso_bsp//libhal_bsp.a(alt_icache_flush_all.o)
 .bss           0x0000000000010ac8        0x0 /home/socadmin/CPU/nios-system-2022/nios_siso/simulation/mentor/libraries/../../../software/nios_siso_bsp//libhal_bsp.a(altera_nios2_gen2_irq.o)
 .bss           0x0000000000010ac8        0x0 /remote/labware/packages/intel/quartus/18.1/nios2eds/bin/gnu/H-x86_64-pc-linux-gnu/bin/../lib/gcc/nios2-elf/5.3.0/../../../../../H-x86_64-pc-linux-gnu/nios2-elf/lib/mno-hw-mul/libsmallc.a(lib_a-strlen.o)
 *(COMMON)
                0x0000000000010ac8                . = ALIGN (0x4)
                0x0000000000010ac8                __bss_end = ABSOLUTE (.)

.on_chip_ra     0x0000000000010ac8        0x0
                [!provide]                        PROVIDE (_alt_partition_on_chip_ra_start, ABSOLUTE (.))
 *(.on_chip_ra .on_chip_ra. on_chip_ra.*)
                0x0000000000010ac8                . = ALIGN (0x4)
                [!provide]                        PROVIDE (_alt_partition_on_chip_ra_end, ABSOLUTE (.))
                0x0000000000010ac8                _end = ABSOLUTE (.)
                0x0000000000010ac8                end = ABSOLUTE (.)
                0x0000000000010ac8                __alt_stack_base = ABSOLUTE (.)
                [!provide]                        PROVIDE (_alt_partition_on_chip_ra_load_addr, LOADADDR (.on_chip_ra))

.stab
 *(.stab)

.stabstr
 *(.stabstr)

.stab.excl
 *(.stab.excl)

.stab.exclstr
 *(.stab.exclstr)

.stab.index
 *(.stab.index)

.stab.indexstr
 *(.stab.indexstr)

.comment        0x0000000000000000       0x46
 *(.comment)
 .comment       0x0000000000000000       0x23 obj/default/sec_filter.o
                                         0x24 (size before relaxing)
 .comment       0x0000000000000023       0x23 /home/socadmin/CPU/nios-system-2022/nios_siso/simulation/mentor/libraries/../../../software/nios_siso_bsp//libhal_bsp.a(alt_load.o)
                                         0x24 (size before relaxing)
 .comment       0x0000000000000046       0x24 /home/socadmin/CPU/nios-system-2022/nios_siso/simulation/mentor/libraries/../../../software/nios_siso_bsp//libhal_bsp.a(alt_main.o)
 .comment       0x0000000000000046       0x24 /home/socadmin/CPU/nios-system-2022/nios_siso/simulation/mentor/libraries/../../../software/nios_siso_bsp//libhal_bsp.a(alt_printf.o)
 .comment       0x0000000000000046       0x24 /home/socadmin/CPU/nios-system-2022/nios_siso/simulation/mentor/libraries/../../../software/nios_siso_bsp//libhal_bsp.a(alt_putchar.o)
 .comment       0x0000000000000046       0x24 /home/socadmin/CPU/nios-system-2022/nios_siso/simulation/mentor/libraries/../../../software/nios_siso_bsp//libhal_bsp.a(alt_putstr.o)
 .comment       0x0000000000000046       0x24 /home/socadmin/CPU/nios-system-2022/nios_siso/simulation/mentor/libraries/../../../software/nios_siso_bsp//libhal_bsp.a(alt_sys_init.o)
 .comment       0x0000000000000046       0x24 /home/socadmin/CPU/nios-system-2022/nios_siso/simulation/mentor/libraries/../../../software/nios_siso_bsp//libhal_bsp.a(altera_avalon_jtag_uart_write.o)
 .comment       0x0000000000000046       0x24 /home/socadmin/CPU/nios-system-2022/nios_siso/simulation/mentor/libraries/../../../software/nios_siso_bsp//libhal_bsp.a(alt_dcache_flush_all.o)
 .comment       0x0000000000000046       0x24 /home/socadmin/CPU/nios-system-2022/nios_siso/simulation/mentor/libraries/../../../software/nios_siso_bsp//libhal_bsp.a(alt_icache_flush_all.o)
 .comment       0x0000000000000046       0x24 /home/socadmin/CPU/nios-system-2022/nios_siso/simulation/mentor/libraries/../../../software/nios_siso_bsp//libhal_bsp.a(altera_nios2_gen2_irq.o)
 .comment       0x0000000000000046       0x24 /remote/labware/packages/intel/quartus/18.1/nios2eds/bin/gnu/H-x86_64-pc-linux-gnu/bin/../lib/gcc/nios2-elf/5.3.0/../../../../../H-x86_64-pc-linux-gnu/nios2-elf/lib/mno-hw-mul/libsmallc.a(lib_a-strlen.o)

.debug
 *(.debug)

.line
 *(.line)

.debug_srcinfo
 *(.debug_srcinfo)

.debug_sfnames
 *(.debug_sfnames)

.debug_aranges  0x0000000000000000      0x1a8
 *(.debug_aranges)
 .debug_aranges
                0x0000000000000000       0x28 /home/socadmin/CPU/nios-system-2022/nios_siso/simulation/mentor/libraries/../../../software/nios_siso_bsp//obj/HAL/src/crt0.o
 .debug_aranges
                0x0000000000000028       0x20 obj/default/sec_filter.o
 .debug_aranges
                0x0000000000000048       0x20 /home/socadmin/CPU/nios-system-2022/nios_siso/simulation/mentor/libraries/../../../software/nios_siso_bsp//libhal_bsp.a(alt_load.o)
 .debug_aranges
                0x0000000000000068       0x20 /home/socadmin/CPU/nios-system-2022/nios_siso/simulation/mentor/libraries/../../../software/nios_siso_bsp//libhal_bsp.a(alt_main.o)
 .debug_aranges
                0x0000000000000088       0x20 /home/socadmin/CPU/nios-system-2022/nios_siso/simulation/mentor/libraries/../../../software/nios_siso_bsp//libhal_bsp.a(alt_printf.o)
 .debug_aranges
                0x00000000000000a8       0x20 /home/socadmin/CPU/nios-system-2022/nios_siso/simulation/mentor/libraries/../../../software/nios_siso_bsp//libhal_bsp.a(alt_putchar.o)
 .debug_aranges
                0x00000000000000c8       0x20 /home/socadmin/CPU/nios-system-2022/nios_siso/simulation/mentor/libraries/../../../software/nios_siso_bsp//libhal_bsp.a(alt_putstr.o)
 .debug_aranges
                0x00000000000000e8       0x20 /home/socadmin/CPU/nios-system-2022/nios_siso/simulation/mentor/libraries/../../../software/nios_siso_bsp//libhal_bsp.a(alt_sys_init.o)
 .debug_aranges
                0x0000000000000108       0x20 /home/socadmin/CPU/nios-system-2022/nios_siso/simulation/mentor/libraries/../../../software/nios_siso_bsp//libhal_bsp.a(altera_avalon_jtag_uart_write.o)
 .debug_aranges
                0x0000000000000128       0x20 /home/socadmin/CPU/nios-system-2022/nios_siso/simulation/mentor/libraries/../../../software/nios_siso_bsp//libhal_bsp.a(alt_dcache_flush_all.o)
 .debug_aranges
                0x0000000000000148       0x20 /home/socadmin/CPU/nios-system-2022/nios_siso/simulation/mentor/libraries/../../../software/nios_siso_bsp//libhal_bsp.a(alt_icache_flush_all.o)
 .debug_aranges
                0x0000000000000168       0x20 /home/socadmin/CPU/nios-system-2022/nios_siso/simulation/mentor/libraries/../../../software/nios_siso_bsp//libhal_bsp.a(altera_nios2_gen2_irq.o)
 .debug_aranges
                0x0000000000000188       0x20 /remote/labware/packages/intel/quartus/18.1/nios2eds/bin/gnu/H-x86_64-pc-linux-gnu/bin/../lib/gcc/nios2-elf/5.3.0/../../../../../H-x86_64-pc-linux-gnu/nios2-elf/lib/mno-hw-mul/libsmallc.a(lib_a-strlen.o)

.debug_pubnames
 *(.debug_pubnames)

.debug_info     0x0000000000000000      0xe49
 *(.debug_info .gnu.linkonce.wi.*)
 .debug_info    0x0000000000000000       0x79 /home/socadmin/CPU/nios-system-2022/nios_siso/simulation/mentor/libraries/../../../software/nios_siso_bsp//obj/HAL/src/crt0.o
 .debug_info    0x0000000000000079      0x316 obj/default/sec_filter.o
 .debug_info    0x000000000000038f      0x13e /home/socadmin/CPU/nios-system-2022/nios_siso/simulation/mentor/libraries/../../../software/nios_siso_bsp//libhal_bsp.a(alt_load.o)
 .debug_info    0x00000000000004cd      0x117 /home/socadmin/CPU/nios-system-2022/nios_siso/simulation/mentor/libraries/../../../software/nios_siso_bsp//libhal_bsp.a(alt_main.o)
 .debug_info    0x00000000000005e4      0x119 /home/socadmin/CPU/nios-system-2022/nios_siso/simulation/mentor/libraries/../../../software/nios_siso_bsp//libhal_bsp.a(alt_printf.o)
 .debug_info    0x00000000000006fd       0xfd /home/socadmin/CPU/nios-system-2022/nios_siso/simulation/mentor/libraries/../../../software/nios_siso_bsp//libhal_bsp.a(alt_putchar.o)
 .debug_info    0x00000000000007fa       0xee /home/socadmin/CPU/nios-system-2022/nios_siso/simulation/mentor/libraries/../../../software/nios_siso_bsp//libhal_bsp.a(alt_putstr.o)
 .debug_info    0x00000000000008e8      0x169 /home/socadmin/CPU/nios-system-2022/nios_siso/simulation/mentor/libraries/../../../software/nios_siso_bsp//libhal_bsp.a(alt_sys_init.o)
 .debug_info    0x0000000000000a51      0x18e /home/socadmin/CPU/nios-system-2022/nios_siso/simulation/mentor/libraries/../../../software/nios_siso_bsp//libhal_bsp.a(altera_avalon_jtag_uart_write.o)
 .debug_info    0x0000000000000bdf       0x8b /home/socadmin/CPU/nios-system-2022/nios_siso/simulation/mentor/libraries/../../../software/nios_siso_bsp//libhal_bsp.a(alt_dcache_flush_all.o)
 .debug_info    0x0000000000000c6a       0x8b /home/socadmin/CPU/nios-system-2022/nios_siso/simulation/mentor/libraries/../../../software/nios_siso_bsp//libhal_bsp.a(alt_icache_flush_all.o)
 .debug_info    0x0000000000000cf5       0x8b /home/socadmin/CPU/nios-system-2022/nios_siso/simulation/mentor/libraries/../../../software/nios_siso_bsp//libhal_bsp.a(altera_nios2_gen2_irq.o)
 .debug_info    0x0000000000000d80       0xc9 /remote/labware/packages/intel/quartus/18.1/nios2eds/bin/gnu/H-x86_64-pc-linux-gnu/bin/../lib/gcc/nios2-elf/5.3.0/../../../../../H-x86_64-pc-linux-gnu/nios2-elf/lib/mno-hw-mul/libsmallc.a(lib_a-strlen.o)

.debug_abbrev   0x0000000000000000      0x747
 *(.debug_abbrev)
 .debug_abbrev  0x0000000000000000       0x12 /home/socadmin/CPU/nios-system-2022/nios_siso/simulation/mentor/libraries/../../../software/nios_siso_bsp//obj/HAL/src/crt0.o
 .debug_abbrev  0x0000000000000012       0xf5 obj/default/sec_filter.o
 .debug_abbrev  0x0000000000000107       0x9f /home/socadmin/CPU/nios-system-2022/nios_siso/simulation/mentor/libraries/../../../software/nios_siso_bsp//libhal_bsp.a(alt_load.o)
 .debug_abbrev  0x00000000000001a6       0xa9 /home/socadmin/CPU/nios-system-2022/nios_siso/simulation/mentor/libraries/../../../software/nios_siso_bsp//libhal_bsp.a(alt_main.o)
 .debug_abbrev  0x000000000000024f       0xb0 /home/socadmin/CPU/nios-system-2022/nios_siso/simulation/mentor/libraries/../../../software/nios_siso_bsp//libhal_bsp.a(alt_printf.o)
 .debug_abbrev  0x00000000000002ff       0xaa /home/socadmin/CPU/nios-system-2022/nios_siso/simulation/mentor/libraries/../../../software/nios_siso_bsp//libhal_bsp.a(alt_putchar.o)
 .debug_abbrev  0x00000000000003a9       0x99 /home/socadmin/CPU/nios-system-2022/nios_siso/simulation/mentor/libraries/../../../software/nios_siso_bsp//libhal_bsp.a(alt_putstr.o)
 .debug_abbrev  0x0000000000000442       0xeb /home/socadmin/CPU/nios-system-2022/nios_siso/simulation/mentor/libraries/../../../software/nios_siso_bsp//libhal_bsp.a(alt_sys_init.o)
 .debug_abbrev  0x000000000000052d       0xd5 /home/socadmin/CPU/nios-system-2022/nios_siso/simulation/mentor/libraries/../../../software/nios_siso_bsp//libhal_bsp.a(altera_avalon_jtag_uart_write.o)
 .debug_abbrev  0x0000000000000602       0x42 /home/socadmin/CPU/nios-system-2022/nios_siso/simulation/mentor/libraries/../../../software/nios_siso_bsp//libhal_bsp.a(alt_dcache_flush_all.o)
 .debug_abbrev  0x0000000000000644       0x42 /home/socadmin/CPU/nios-system-2022/nios_siso/simulation/mentor/libraries/../../../software/nios_siso_bsp//libhal_bsp.a(alt_icache_flush_all.o)
 .debug_abbrev  0x0000000000000686       0x42 /home/socadmin/CPU/nios-system-2022/nios_siso/simulation/mentor/libraries/../../../software/nios_siso_bsp//libhal_bsp.a(altera_nios2_gen2_irq.o)
 .debug_abbrev  0x00000000000006c8       0x7f /remote/labware/packages/intel/quartus/18.1/nios2eds/bin/gnu/H-x86_64-pc-linux-gnu/bin/../lib/gcc/nios2-elf/5.3.0/../../../../../H-x86_64-pc-linux-gnu/nios2-elf/lib/mno-hw-mul/libsmallc.a(lib_a-strlen.o)

.debug_line     0x0000000000000000      0x845
 *(.debug_line)
 .debug_line    0x0000000000000000       0x66 /home/socadmin/CPU/nios-system-2022/nios_siso/simulation/mentor/libraries/../../../software/nios_siso_bsp//obj/HAL/src/crt0.o
 .debug_line    0x0000000000000066       0xf4 obj/default/sec_filter.o
 .debug_line    0x000000000000015a       0x8d /home/socadmin/CPU/nios-system-2022/nios_siso/simulation/mentor/libraries/../../../software/nios_siso_bsp//libhal_bsp.a(alt_load.o)
 .debug_line    0x00000000000001e7       0x99 /home/socadmin/CPU/nios-system-2022/nios_siso/simulation/mentor/libraries/../../../software/nios_siso_bsp//libhal_bsp.a(alt_main.o)
 .debug_line    0x0000000000000280      0x103 /home/socadmin/CPU/nios-system-2022/nios_siso/simulation/mentor/libraries/../../../software/nios_siso_bsp//libhal_bsp.a(alt_printf.o)
 .debug_line    0x0000000000000383       0x50 /home/socadmin/CPU/nios-system-2022/nios_siso/simulation/mentor/libraries/../../../software/nios_siso_bsp//libhal_bsp.a(alt_putchar.o)
 .debug_line    0x00000000000003d3       0x48 /home/socadmin/CPU/nios-system-2022/nios_siso/simulation/mentor/libraries/../../../software/nios_siso_bsp//libhal_bsp.a(alt_putstr.o)
 .debug_line    0x000000000000041b       0xe9 /home/socadmin/CPU/nios-system-2022/nios_siso/simulation/mentor/libraries/../../../software/nios_siso_bsp//libhal_bsp.a(alt_sys_init.o)
 .debug_line    0x0000000000000504       0xf4 /home/socadmin/CPU/nios-system-2022/nios_siso/simulation/mentor/libraries/../../../software/nios_siso_bsp//libhal_bsp.a(altera_avalon_jtag_uart_write.o)
 .debug_line    0x00000000000005f8       0x51 /home/socadmin/CPU/nios-system-2022/nios_siso/simulation/mentor/libraries/../../../software/nios_siso_bsp//libhal_bsp.a(alt_dcache_flush_all.o)
 .debug_line    0x0000000000000649       0x4f /home/socadmin/CPU/nios-system-2022/nios_siso/simulation/mentor/libraries/../../../software/nios_siso_bsp//libhal_bsp.a(alt_icache_flush_all.o)
 .debug_line    0x0000000000000698       0x51 /home/socadmin/CPU/nios-system-2022/nios_siso/simulation/mentor/libraries/../../../software/nios_siso_bsp//libhal_bsp.a(altera_nios2_gen2_irq.o)
 .debug_line    0x00000000000006e9      0x15c /remote/labware/packages/intel/quartus/18.1/nios2eds/bin/gnu/H-x86_64-pc-linux-gnu/bin/../lib/gcc/nios2-elf/5.3.0/../../../../../H-x86_64-pc-linux-gnu/nios2-elf/lib/mno-hw-mul/libsmallc.a(lib_a-strlen.o)

.debug_frame    0x0000000000000000      0x320
 *(.debug_frame)
 .debug_frame   0x0000000000000000       0x98 obj/default/sec_filter.o
 .debug_frame   0x0000000000000098       0x5c /home/socadmin/CPU/nios-system-2022/nios_siso/simulation/mentor/libraries/../../../software/nios_siso_bsp//libhal_bsp.a(alt_load.o)
 .debug_frame   0x00000000000000f4       0x38 /home/socadmin/CPU/nios-system-2022/nios_siso/simulation/mentor/libraries/../../../software/nios_siso_bsp//libhal_bsp.a(alt_main.o)
 .debug_frame   0x000000000000012c       0x38 /home/socadmin/CPU/nios-system-2022/nios_siso/simulation/mentor/libraries/../../../software/nios_siso_bsp//libhal_bsp.a(alt_printf.o)
 .debug_frame   0x0000000000000164       0x38 /home/socadmin/CPU/nios-system-2022/nios_siso/simulation/mentor/libraries/../../../software/nios_siso_bsp//libhal_bsp.a(alt_putchar.o)
 .debug_frame   0x000000000000019c       0x38 /home/socadmin/CPU/nios-system-2022/nios_siso/simulation/mentor/libraries/../../../software/nios_siso_bsp//libhal_bsp.a(alt_putstr.o)
 .debug_frame   0x00000000000001d4       0x5c /home/socadmin/CPU/nios-system-2022/nios_siso/simulation/mentor/libraries/../../../software/nios_siso_bsp//libhal_bsp.a(alt_sys_init.o)
 .debug_frame   0x0000000000000230       0x34 /home/socadmin/CPU/nios-system-2022/nios_siso/simulation/mentor/libraries/../../../software/nios_siso_bsp//libhal_bsp.a(altera_avalon_jtag_uart_write.o)
 .debug_frame   0x0000000000000264       0x34 /home/socadmin/CPU/nios-system-2022/nios_siso/simulation/mentor/libraries/../../../software/nios_siso_bsp//libhal_bsp.a(alt_dcache_flush_all.o)
 .debug_frame   0x0000000000000298       0x34 /home/socadmin/CPU/nios-system-2022/nios_siso/simulation/mentor/libraries/../../../software/nios_siso_bsp//libhal_bsp.a(alt_icache_flush_all.o)
 .debug_frame   0x00000000000002cc       0x34 /home/socadmin/CPU/nios-system-2022/nios_siso/simulation/mentor/libraries/../../../software/nios_siso_bsp//libhal_bsp.a(altera_nios2_gen2_irq.o)
 .debug_frame   0x0000000000000300       0x20 /remote/labware/packages/intel/quartus/18.1/nios2eds/bin/gnu/H-x86_64-pc-linux-gnu/bin/../lib/gcc/nios2-elf/5.3.0/../../../../../H-x86_64-pc-linux-gnu/nios2-elf/lib/mno-hw-mul/libsmallc.a(lib_a-strlen.o)

.debug_str      0x0000000000000000      0x6dc
 *(.debug_str)
 .debug_str     0x0000000000000000      0x11b obj/default/sec_filter.o
                                        0x12d (size before relaxing)
 .debug_str     0x000000000000011b      0x1be /home/socadmin/CPU/nios-system-2022/nios_siso/simulation/mentor/libraries/../../../software/nios_siso_bsp//libhal_bsp.a(alt_load.o)
                                        0x200 (size before relaxing)
 .debug_str     0x00000000000002d9       0x70 /home/socadmin/CPU/nios-system-2022/nios_siso/simulation/mentor/libraries/../../../software/nios_siso_bsp//libhal_bsp.a(alt_main.o)
                                        0x184 (size before relaxing)
 .debug_str     0x0000000000000349       0x58 /home/socadmin/CPU/nios-system-2022/nios_siso/simulation/mentor/libraries/../../../software/nios_siso_bsp//libhal_bsp.a(alt_printf.o)
                                         0xf4 (size before relaxing)
 .debug_str     0x00000000000003a1       0x6c /home/socadmin/CPU/nios-system-2022/nios_siso/simulation/mentor/libraries/../../../software/nios_siso_bsp//libhal_bsp.a(alt_putchar.o)
                                        0x17b (size before relaxing)
 .debug_str     0x000000000000040d       0x20 /home/socadmin/CPU/nios-system-2022/nios_siso/simulation/mentor/libraries/../../../software/nios_siso_bsp//libhal_bsp.a(alt_putstr.o)
                                        0x179 (size before relaxing)
 .debug_str     0x000000000000042d       0x85 /home/socadmin/CPU/nios-system-2022/nios_siso/simulation/mentor/libraries/../../../software/nios_siso_bsp//libhal_bsp.a(alt_sys_init.o)
                                        0x1f9 (size before relaxing)
 .debug_str     0x00000000000004b2       0x39 /home/socadmin/CPU/nios-system-2022/nios_siso/simulation/mentor/libraries/../../../software/nios_siso_bsp//libhal_bsp.a(altera_avalon_jtag_uart_write.o)
                                        0x203 (size before relaxing)
 .debug_str     0x00000000000004eb       0x34 /home/socadmin/CPU/nios-system-2022/nios_siso/simulation/mentor/libraries/../../../software/nios_siso_bsp//libhal_bsp.a(alt_dcache_flush_all.o)
                                        0x143 (size before relaxing)
 .debug_str     0x000000000000051f       0x34 /home/socadmin/CPU/nios-system-2022/nios_siso/simulation/mentor/libraries/../../../software/nios_siso_bsp//libhal_bsp.a(alt_icache_flush_all.o)
                                        0x143 (size before relaxing)
 .debug_str     0x0000000000000553       0x3b /home/socadmin/CPU/nios-system-2022/nios_siso/simulation/mentor/libraries/../../../software/nios_siso_bsp//libhal_bsp.a(altera_nios2_gen2_irq.o)
                                        0x14a (size before relaxing)
 .debug_str     0x000000000000058e      0x14e /remote/labware/packages/intel/quartus/18.1/nios2eds/bin/gnu/H-x86_64-pc-linux-gnu/bin/../lib/gcc/nios2-elf/5.3.0/../../../../../H-x86_64-pc-linux-gnu/nios2-elf/lib/mno-hw-mul/libsmallc.a(lib_a-strlen.o)
                                        0x1e6 (size before relaxing)

.debug_loc      0x0000000000000000       0x1e
 *(.debug_loc)
 .debug_loc     0x0000000000000000       0x1e /remote/labware/packages/intel/quartus/18.1/nios2eds/bin/gnu/H-x86_64-pc-linux-gnu/bin/../lib/gcc/nios2-elf/5.3.0/../../../../../H-x86_64-pc-linux-gnu/nios2-elf/lib/mno-hw-mul/libsmallc.a(lib_a-strlen.o)

.debug_macinfo
 *(.debug_macinfo)

.debug_weaknames
 *(.debug_weaknames)

.debug_funcnames
 *(.debug_funcnames)

.debug_typenames
 *(.debug_typenames)

.debug_varnames
 *(.debug_varnames)

.debug_alt_sim_info
                0x0000000000000000       0x10
 *(.debug_alt_sim_info)
 .debug_alt_sim_info
                0x0000000000000000       0x10 /home/socadmin/CPU/nios-system-2022/nios_siso/simulation/mentor/libraries/../../../software/nios_siso_bsp//obj/HAL/src/crt0.o
                0x0000000000020000                __alt_data_end = 0x20000
                0x0000000000020000                PROVIDE (__alt_stack_pointer, __alt_data_end)
                [!provide]                        PROVIDE (__alt_stack_limit, __alt_stack_base)
                [!provide]                        PROVIDE (__alt_heap_start, end)
                [!provide]                        PROVIDE (__alt_heap_limit, 0x20000)
OUTPUT(sec_filter.elf elf32-littlenios2)

.debug_ranges   0x0000000000000000       0x30
 .debug_ranges  0x0000000000000000       0x20 /home/socadmin/CPU/nios-system-2022/nios_siso/simulation/mentor/libraries/../../../software/nios_siso_bsp//obj/HAL/src/crt0.o
 .debug_ranges  0x0000000000000020       0x10 /remote/labware/packages/intel/quartus/18.1/nios2eds/bin/gnu/H-x86_64-pc-linux-gnu/bin/../lib/gcc/nios2-elf/5.3.0/../../../../../H-x86_64-pc-linux-gnu/nios2-elf/lib/mno-hw-mul/libsmallc.a(lib_a-strlen.o)
