#-----------------------------------------------------------
# Vivado v2023.1 (64-bit)
# SW Build 3865809 on Sun May  7 15:04:56 MDT 2023
# IP Build 3864474 on Sun May  7 20:36:21 MDT 2023
# SharedData Build 3865790 on Sun May 07 13:33:03 MDT 2023
# Start of session at: Wed Oct 25 11:49:15 2023
# Process ID: 223335
# Current directory: /home/s3310914/Documents/eca1
# Command line: vivado
# Log file: /home/s3310914/Documents/eca1/vivado.log
# Journal file: /home/s3310914/Documents/eca1/vivado.jou
# Running On: xoc2.ewi.utwente.nl, OS: Linux, CPU Frequency: 2600.000 MHz, CPU Physical cores: 24, Host memory: 269882 MB
#-----------------------------------------------------------
start_gui
create_project fifo_dma /home/s3310914/Documents/eca1/fifo_dma -part xck26-sfvc784-2LV-c
set_property board_part xilinx.com:kv260_som:part0:1.4 [current_project]
create_bd_design "fifo_dma_ip"
update_compile_order -fileset sources_1
startgroup
create_bd_cell -type ip -vlnv xilinx.com:ip:axi_dma:7.1 axi_dma_0
endgroup
startgroup
create_bd_cell -type ip -vlnv xilinx.com:ip:axis_data_fifo:2.0 axis_data_fifo_0
endgroup
set_property location {1 64 -18} [get_bd_cells axis_data_fifo_0]
connect_bd_intf_net [get_bd_intf_pins axis_data_fifo_0/M_AXIS] [get_bd_intf_pins axi_dma_0/S_AXIS_S2MM]
connect_bd_intf_net [get_bd_intf_pins axis_data_fifo_0/S_AXIS] [get_bd_intf_pins axi_dma_0/M_AXIS_MM2S]
connect_bd_net [get_bd_pins axi_dma_0/m_axi_s2mm_aclk] [get_bd_pins axi_dma_0/m_axi_mm2s_aclk]
connect_bd_net [get_bd_pins axi_dma_0/m_axi_mm2s_aclk] [get_bd_pins axi_dma_0/m_axi_sg_aclk]
set_property location {1 119 -57} [get_bd_cells axis_data_fifo_0]
connect_bd_net [get_bd_pins axi_dma_0/s_axi_lite_aclk] [get_bd_pins axi_dma_0/m_axi_s2mm_aclk]
apply_bd_automation -rule xilinx.com:bd_rule:clkrst -config { Clk {New External Port} Freq {100} Ref_Clk0 {None} Ref_Clk1 {None} Ref_Clk2 {None}}  [get_bd_pins axis_data_fifo_0/s_axis_aclk]
delete_bd_objs [get_bd_nets rst_clk_100MHz_100M_peripheral_aresetn] [get_bd_cells rst_clk_100MHz_100M]
set_property location {1.5 213 -58} [get_bd_cells axis_data_fifo_0]
connect_bd_net [get_bd_pins axis_data_fifo_0/s_axis_aresetn] [get_bd_pins axi_dma_0/axi_resetn]
set_property location {-129 6} [get_bd_ports clk_100MHz]
set_property location {-113 18} [get_bd_ports clk_100MHz]
create_bd_port -dir I S_AXI_LITE
delete_bd_objs [get_bd_ports S_AXI_LITE]
delete_bd_objs [get_bd_intf_nets axi_dma_0_M_AXIS_MM2S] [get_bd_intf_nets axis_data_fifo_0_M_AXIS] [get_bd_nets Net] [get_bd_cells axi_dma_0]
delete_bd_objs [get_bd_nets clk_100MHz_1] [get_bd_cells axis_data_fifo_0]
delete_bd_objs [get_bd_ports clk_100MHz]
startgroup
create_bd_cell -type ip -vlnv xilinx.com:ip:zynq_ultra_ps_e:3.5 zynq_ultra_ps_e_0
endgroup
apply_bd_automation -rule xilinx.com:bd_rule:zynq_ultra_ps_e -config {apply_board_preset "1" }  [get_bd_cells zynq_ultra_ps_e_0]
set_property CONFIG.PSU__USE__S_AXI_GP0 {1} [get_bd_cells zynq_ultra_ps_e_0]
delete_bd_objs [get_bd_cells zynq_ultra_ps_e_0]
file mkdir /home/s3310914/Documents/eca1/fifo_dma/fifo_dma.srcs/sources_1/new
close [ open /home/s3310914/Documents/eca1/fifo_dma/fifo_dma.srcs/sources_1/new/inverter.vhd w ]
add_files /home/s3310914/Documents/eca1/fifo_dma/fifo_dma.srcs/sources_1/new/inverter.vhd
update_compile_order -fileset sources_1
save_bd_design
launch_simulation
launch_simulation
launch_simulation
source inverter.tcl
add_force {/inverter/axi_clk} -radix hex {0 0ns} {1 5000ps} -repeat_every 10000ps
add_force {/inverter/axi_reset_n} -radix hex {0 0ns}
run 10 ns
remove_forces { {/inverter/axi_reset_n} }
run 10 ns
run 10 ns
add_force {/inverter/s_axis_valid} -radix hex {1 0ns}
add_force {/inverter/s_axis_data} -radix hex {1 0ns}
add_force {/inverter/m_axis_ready} -radix hex {1 0ns}
run 10 ns
relaunch_sim
relaunch_sim
relaunch_sim
add_force {/inverter/axi_clk} -radix hex {0 0ns} {1 5000ps} -repeat_every 10000ps
add_force {/inverter/axi_reset_n} -radix hex {0 0ns}
run 10 ns
relaunch_sim
run 10 ns
run 10 ns
add_force {/inverter/axi_reset_n} -radix hex {0 0ns}
add_force {/inverter/axi_clk} -radix hex {0 0ns} {1 5000ps} -repeat_every 10000ps
run 10 ns
run 10 ns
add_force {/inverter/s_axis_valid} -radix hex {1 0ns}
add_force {/inverter/s_axis_data} -radix hex {1 0ns}
add_force {/inverter/m_axis_ready} -radix hex {1 0ns}
run 10 ns
run 10 ns
add_force {/inverter/axi_reset_n} -radix hex {1 0ns}
run 10 ns
run 10 ns
run 10 ns
add_force {/inverter/s_axis_data} -radix hex {100 0ns}
run 10 ns
run 10 ns
run 10 ns
run 10 ns
run 10 ns
run 10 ns
run 10 ns
add_force {/inverter/s_axis_data} -radix hex {101 0ns}
run 10 ns
close_sim
create_peripheral caes user myip 1.0 -dir /home/s3310914/Documents/eca1/ip_repo
add_peripheral_interface S00_AXIS -interface_mode slave -axi_type stream [ipx::find_open_core caes:user:myip:1.0]
generate_peripheral [ipx::find_open_core caes:user:myip:1.0]
write_peripheral [ipx::find_open_core caes:user:myip:1.0]
set_property  ip_repo_paths  /home/s3310914/Documents/eca1/ip_repo/myip_1_0 [current_project]
update_ip_catalog -rebuild
ipx::edit_ip_in_project -upgrade true -name edit_myip_v1_0 -directory /home/s3310914/Documents/eca1/ip_repo /home/s3310914/Documents/eca1/ip_repo/myip_1_0/component.xml
update_compile_order -fileset sources_1
ipx::unload_core /home/s3310914/Documents/eca1/ip_repo/myip_1_0/component.xml
close_project
export_ip_user_files -of_objects  [get_files /home/s3310914/Documents/eca1/fifo_dma/fifo_dma.srcs/sources_1/bd/fifo_dma_ip/fifo_dma_ip.bd] -no_script -reset -force -quiet
remove_files  /home/s3310914/Documents/eca1/fifo_dma/fifo_dma.srcs/sources_1/bd/fifo_dma_ip/fifo_dma_ip.bd
ipx::package_project -root_dir /home/s3310914/Documents/eca1/ip_repo -vendor caes -library user -taxonomy /UserIP -import_files -set_current false
ipx::unload_core /home/s3310914/Documents/eca1/ip_repo/component.xml
ipx::edit_ip_in_project -upgrade true -name tmp_edit_project -directory /home/s3310914/Documents/eca1/ip_repo /home/s3310914/Documents/eca1/ip_repo/component.xml
update_compile_order -fileset sources_1
ipx::add_bus_interface m_axis [ipx::current_core]
set_property abstraction_type_vlnv xilinx.com:interface:axis_rtl:1.0 [ipx::get_bus_interfaces m_axis -of_objects [ipx::current_core]]
set_property bus_type_vlnv xilinx.com:interface:axis:1.0 [ipx::get_bus_interfaces m_axis -of_objects [ipx::current_core]]
set_property interface_mode master [ipx::get_bus_interfaces m_axis -of_objects [ipx::current_core]]
ipx::add_port_map TDATA [ipx::get_bus_interfaces m_axis -of_objects [ipx::current_core]]
set_property physical_name m_axis_data [ipx::get_port_maps TDATA -of_objects [ipx::get_bus_interfaces m_axis -of_objects [ipx::current_core]]]
ipx::add_port_map TVALID [ipx::get_bus_interfaces m_axis -of_objects [ipx::current_core]]
set_property physical_name m_axis_valid [ipx::get_port_maps TVALID -of_objects [ipx::get_bus_interfaces m_axis -of_objects [ipx::current_core]]]
ipx::add_port_map TREADY [ipx::get_bus_interfaces m_axis -of_objects [ipx::current_core]]
set_property physical_name m_axis_ready [ipx::get_port_maps TREADY -of_objects [ipx::get_bus_interfaces m_axis -of_objects [ipx::current_core]]]
ipx::add_bus_interface s_axis [ipx::current_core]
set_property abstraction_type_vlnv xilinx.com:interface:aximm_rtl:1.0 [ipx::get_bus_interfaces s_axis -of_objects [ipx::current_core]]
set_property bus_type_vlnv xilinx.com:interface:aximm:1.0 [ipx::get_bus_interfaces s_axis -of_objects [ipx::current_core]]
ipx::add_bus_parameter NUM_READ_OUTSTANDING [ipx::get_bus_interfaces s_axis -of_objects [ipx::current_core]]
ipx::add_bus_parameter NUM_WRITE_OUTSTANDING [ipx::get_bus_interfaces s_axis -of_objects [ipx::current_core]]
set_property abstraction_type_vlnv xilinx.com:interface:axis_rtl:1.0 [ipx::get_bus_interfaces s_axis -of_objects [ipx::current_core]]
set_property bus_type_vlnv xilinx.com:interface:axis:1.0 [ipx::get_bus_interfaces s_axis -of_objects [ipx::current_core]]
ipx::add_port_map TDATA [ipx::get_bus_interfaces s_axis -of_objects [ipx::current_core]]
set_property physical_name s_axis_data [ipx::get_port_maps TDATA -of_objects [ipx::get_bus_interfaces s_axis -of_objects [ipx::current_core]]]
ipx::add_port_map TVALID [ipx::get_bus_interfaces s_axis -of_objects [ipx::current_core]]
set_property physical_name s_axis_valid [ipx::get_port_maps TVALID -of_objects [ipx::get_bus_interfaces s_axis -of_objects [ipx::current_core]]]
ipx::add_port_map TREADY [ipx::get_bus_interfaces s_axis -of_objects [ipx::current_core]]
set_property physical_name s_axis_ready [ipx::get_port_maps TREADY -of_objects [ipx::get_bus_interfaces s_axis -of_objects [ipx::current_core]]]
ipx::add_bus_parameter ASSOOCIATED_BUSIF [ipx::get_bus_interfaces axi_clk -of_objects [ipx::current_core]]
set_property value m_axis:s_axis [ipx::get_bus_parameters ASSOOCIATED_BUSIF -of_objects [ipx::get_bus_interfaces axi_clk -of_objects [ipx::current_core]]]
ipx::add_bus_parameter FREQ_HZ [ipx::get_bus_interfaces axi_clk -of_objects [ipx::current_core]]
set_property value 100000000 [ipx::get_bus_parameters FREQ_HZ -of_objects [ipx::get_bus_interfaces axi_clk -of_objects [ipx::current_core]]]
set_property value m_axis,s_axis [ipx::get_bus_parameters ASSOOCIATED_BUSIF -of_objects [ipx::get_bus_interfaces axi_clk -of_objects [ipx::current_core]]]
set_property name ASSOCIATED_BUSIF [ipx::get_bus_parameters ASSOOCIATED_BUSIF -of_objects [ipx::get_bus_interfaces axi_clk -of_objects [ipx::current_core]]]
set_property value m_axis:s_axis [ipx::get_bus_parameters ASSOCIATED_BUSIF -of_objects [ipx::get_bus_interfaces axi_clk -of_objects [ipx::current_core]]]
set_property core_revision 2 [ipx::current_core]
ipx::update_source_project_archive -component [ipx::current_core]
ipx::create_xgui_files [ipx::current_core]
ipx::update_checksums [ipx::current_core]
ipx::check_integrity [ipx::current_core]
ipx::save_core [ipx::current_core]
set_property value 99999001 [ipx::get_bus_parameters FREQ_HZ -of_objects [ipx::get_bus_interfaces axi_clk -of_objects [ipx::current_core]]]
set_property core_revision 3 [ipx::current_core]
ipx::update_source_project_archive -component [ipx::current_core]
ipx::update_checksums [ipx::current_core]
ipx::check_integrity [ipx::current_core]
ipx::save_core [ipx::current_core]
set_property core_revision 4 [ipx::current_core]
ipx::update_source_project_archive -component [ipx::current_core]
ipx::update_checksums [ipx::current_core]
ipx::check_integrity [ipx::current_core]
ipx::save_core [ipx::current_core]
set_property core_revision 5 [ipx::current_core]
ipx::update_source_project_archive -component [ipx::current_core]
ipx::update_checksums [ipx::current_core]
ipx::check_integrity [ipx::current_core]
ipx::save_core [ipx::current_core]
set_property is_include true [ipx::get_files src/inverter.vhd -of_objects [ipx::get_file_groups xilinx_anylanguagesynthesis -of_objects [ipx::current_core]]]
set_property is_include true [ipx::get_files src/inverter.vhd -of_objects [ipx::get_file_groups xilinx_anylanguagebehavioralsimulation -of_objects [ipx::current_core]]]
set_property is_include true [ipx::get_files xgui/inverter_v1_0.tcl -of_objects [ipx::get_file_groups xilinx_xpgui -of_objects [ipx::current_core]]]
set_property is_include false [ipx::get_files src/inverter.vhd -of_objects [ipx::get_file_groups xilinx_anylanguagesynthesis -of_objects [ipx::current_core]]]
set_property is_include false [ipx::get_files src/inverter.vhd -of_objects [ipx::get_file_groups xilinx_anylanguagebehavioralsimulation -of_objects [ipx::current_core]]]
set_property is_include false [ipx::get_files xgui/inverter_v1_0.tcl -of_objects [ipx::get_file_groups xilinx_xpgui -of_objects [ipx::current_core]]]
ipx::unload_core /home/s3310914/Documents/eca1/ip_repo/component.xml
close_project
ipx::package_project -root_dir /home/s3310914/Documents/eca1/ip_repo -vendor caes -library user -taxonomy /UserIP -import_files -set_current false
ipx::unload_core /home/s3310914/Documents/eca1/ip_repo/component.xml
ipx::edit_ip_in_project -upgrade true -name tmp_edit_project -directory /home/s3310914/Documents/eca1/ip_repo /home/s3310914/Documents/eca1/ip_repo/component.xml
update_compile_order -fileset sources_1
ipx::add_bus_interface m_axis [ipx::current_core]
set_property abstraction_type_vlnv xilinx.com:interface:axis_rtl:1.0 [ipx::get_bus_interfaces m_axis -of_objects [ipx::current_core]]
set_property bus_type_vlnv xilinx.com:interface:axis:1.0 [ipx::get_bus_interfaces m_axis -of_objects [ipx::current_core]]
set_property interface_mode master [ipx::get_bus_interfaces m_axis -of_objects [ipx::current_core]]
ipx::add_port_map TVALID [ipx::get_bus_interfaces m_axis -of_objects [ipx::current_core]]
set_property physical_name m_axis_valid [ipx::get_port_maps TVALID -of_objects [ipx::get_bus_interfaces m_axis -of_objects [ipx::current_core]]]
ipx::add_port_map TDATA [ipx::get_bus_interfaces m_axis -of_objects [ipx::current_core]]
set_property physical_name m_axis_data [ipx::get_port_maps TDATA -of_objects [ipx::get_bus_interfaces m_axis -of_objects [ipx::current_core]]]
ipx::add_port_map TREADY [ipx::get_bus_interfaces m_axis -of_objects [ipx::current_core]]
set_property physical_name m_axis_ready [ipx::get_port_maps TREADY -of_objects [ipx::get_bus_interfaces m_axis -of_objects [ipx::current_core]]]
ipx::add_bus_interface s_axis [ipx::current_core]
set_property abstraction_type_vlnv xilinx.com:interface:axis_rtl:1.0 [ipx::get_bus_interfaces s_axis -of_objects [ipx::current_core]]
set_property bus_type_vlnv xilinx.com:interface:axis:1.0 [ipx::get_bus_interfaces s_axis -of_objects [ipx::current_core]]
ipx::add_port_map TVALID [ipx::get_bus_interfaces s_axis -of_objects [ipx::current_core]]
set_property physical_name s_axis_valid [ipx::get_port_maps TVALID -of_objects [ipx::get_bus_interfaces s_axis -of_objects [ipx::current_core]]]
ipx::add_port_map TREADY [ipx::get_bus_interfaces s_axis -of_objects [ipx::current_core]]
set_property physical_name s_axis_ready [ipx::get_port_maps TREADY -of_objects [ipx::get_bus_interfaces s_axis -of_objects [ipx::current_core]]]
ipx::add_port_map TDATA [ipx::get_bus_interfaces s_axis -of_objects [ipx::current_core]]
set_property physical_name s_axis_data [ipx::get_port_maps TDATA -of_objects [ipx::get_bus_interfaces s_axis -of_objects [ipx::current_core]]]
ipx::add_bus_parameter ASSOCIATED_BUSIF [ipx::get_bus_interfaces axi_clk -of_objects [ipx::current_core]]
set_property value m_axis:s_axis [ipx::get_bus_parameters ASSOCIATED_BUSIF -of_objects [ipx::get_bus_interfaces axi_clk -of_objects [ipx::current_core]]]
ipx::add_bus_parameter FREQ_HZ [ipx::get_bus_interfaces axi_clk -of_objects [ipx::current_core]]
set_property value 99999001 [ipx::get_bus_parameters FREQ_HZ -of_objects [ipx::get_bus_interfaces axi_clk -of_objects [ipx::current_core]]]
set_property core_revision 2 [ipx::current_core]
ipx::update_source_project_archive -component [ipx::current_core]
ipx::create_xgui_files [ipx::current_core]
ipx::update_checksums [ipx::current_core]
ipx::check_integrity [ipx::current_core]
ipx::save_core [ipx::current_core]
ipx::move_temp_component_back -component [ipx::current_core]
close_project -delete
set_property  ip_repo_paths  {/home/s3310914/Documents/eca1/ip_repo /home/s3310914/Documents/eca1/ip_repo/myip_1_0} [current_project]
update_ip_catalog
launch_simulation
source inverter.tcl
add_force {/inverter/axi_clk} -radix hex {0 0ns} {1 5000ps} -repeat_every 10000ps
add_force {/inverter/axi_reset_n} -radix hex {0 0ns}
run 10 ns
relaunch_sim
add_force {/inverter/axi_clk} -radix hex {0 0ns} {1 5000ps} -repeat_every 10000ps
add_force {/inverter/axi_reset_n} -radix hex {0 0ns}
run 10 ns
add_force {/inverter/axi_reset_n} -radix hex {1 0ns}
add_force {/inverter/s_axis_valid} -radix hex {1 0ns}
add_force {/inverter/m_axis_ready} -radix hex {1 0ns}
add_force {/inverter/s_axis_data} -radix hex {21 0ns}
run 10 ns
run 10 ns
run 10 ns
run 10 ns
run 10 ns
add_bp {/home/s3310914/Documents/eca1/fifo_dma/fifo_dma.srcs/sources_1/new/inverter.vhd} 64
remove_bps -file {/home/s3310914/Documents/eca1/fifo_dma/fifo_dma.srcs/sources_1/new/inverter.vhd} -line 64
add_bp {/home/s3310914/Documents/eca1/fifo_dma/fifo_dma.srcs/sources_1/new/inverter.vhd} 62
run 10 ns
remove_bps -file {/home/s3310914/Documents/eca1/fifo_dma/fifo_dma.srcs/sources_1/new/inverter.vhd} -line 62
add_bp {/home/s3310914/Documents/eca1/fifo_dma/fifo_dma.srcs/sources_1/new/inverter.vhd} 64
run 10 ns
remove_bps -file {/home/s3310914/Documents/eca1/fifo_dma/fifo_dma.srcs/sources_1/new/inverter.vhd} -line 64
add_bp {/home/s3310914/Documents/eca1/fifo_dma/fifo_dma.srcs/sources_1/new/inverter.vhd} 71
run 10 ns
remove_bps -file {/home/s3310914/Documents/eca1/fifo_dma/fifo_dma.srcs/sources_1/new/inverter.vhd} -line 71
add_bp {/home/s3310914/Documents/eca1/fifo_dma/fifo_dma.srcs/sources_1/new/inverter.vhd} 73
run 10 ns
remove_bps -file {/home/s3310914/Documents/eca1/fifo_dma/fifo_dma.srcs/sources_1/new/inverter.vhd} -line 73
add_bp {/home/s3310914/Documents/eca1/fifo_dma/fifo_dma.srcs/sources_1/new/inverter.vhd} 93
relaunch_sim
add_bp {/home/s3310914/Documents/eca1/fifo_dma/fifo_dma.srcs/sources_1/new/inverter.vhd} 64
add_force {/inverter/axi_clk} -radix hex {0 0ns} {1 5000ps} -repeat_every 10000ps
run 10 ns
add_force {/inverter/axi_reset_n} -radix hex {0 0ns}
run 10 ns
remove_bps -file {/home/s3310914/Documents/eca1/fifo_dma/fifo_dma.srcs/sources_1/new/inverter.vhd} -line 64
add_bp {/home/s3310914/Documents/eca1/fifo_dma/fifo_dma.srcs/sources_1/new/inverter.vhd} 64
step
step
run 10 ns
remove_bps -file {/home/s3310914/Documents/eca1/fifo_dma/fifo_dma.srcs/sources_1/new/inverter.vhd} -line 64
run 10 ns
add_bp {/home/s3310914/Documents/eca1/fifo_dma/fifo_dma.srcs/sources_1/new/inverter.vhd} 64
add_bp {/home/s3310914/Documents/eca1/fifo_dma/fifo_dma.srcs/sources_1/new/inverter.vhd} 73
run 10 ns
add_force {/inverter/axi_reset_n} -radix hex {1 0ns}
run 10 ns
run 10 ns
remove_bps -file {/home/s3310914/Documents/eca1/fifo_dma/fifo_dma.srcs/sources_1/new/inverter.vhd} -line 73
relaunch_sim
remove_bps -file {/home/s3310914/Documents/eca1/fifo_dma/fifo_dma.srcs/sources_1/new/inverter.vhd} -line 64
add_force {/inverter/axi_clk} -radix hex {0 0ns} {1 5000ps} -repeat_every 10000ps
add_force {/inverter/axi_reset_n} -radix hex {0 0ns}
run 10 ns
add_force {/inverter/axi_reset_n} -radix hex {0 0ns}
add_force {/inverter/axi_reset_n} -radix hex {1 0ns}
add_force {/inverter/s_axis_valid} -radix hex {1 0ns}
add_force {/inverter/s_axis_data} -radix hex {21 0ns}
add_force {/inverter/m_axis_ready} -radix hex {1 0ns}
run 10 ns
run 10 ns
relaunch_sim
add_force {/inverter/axi_clk} -radix hex {0 0ns} {1 5000ps} -repeat_every 10000ps
add_force {/inverter/axi_reset_n} -radix hex {0 0ns}
run 10 ns
add_force {/inverter/axi_reset_n} -radix hex {1 0ns}
add_force {/inverter/s_axis_valid} -radix hex {1 0ns}
add_force {/inverter/s_axis_data} -radix hex {21 0ns}
add_force {/inverter/m_axis_ready} -radix hex {1 0ns}
run 10 ns
add_force {/inverter/axi_clk} -radix hex {0 0ns} {1 50000ps} -repeat_every 100000ps
run 100 ns
run 110 ns
run 200 ns
add_bp {/home/s3310914/Documents/eca1/fifo_dma/fifo_dma.srcs/sources_1/new/inverter.vhd} 73
run 200 ns
relaunch_sim
restart
add_force {/inverter/axi_clk} -radix hex {0 0ns} {1 5000ps} -repeat_every 10000ps
add_force {/inverter/axi_reset_n} -radix hex {0 0ns}
run 200 ns
add_force {/inverter/axi_reset_n} -radix hex {1 0ns}
add_force {/inverter/m_axis_ready} -radix hex {1 0ns}
add_force {/inverter/s_axis_valid} -radix hex {1 0ns}
add_force {/inverter/s_axis_data} -radix hex {21 0ns}
run 10 ns
relaunch_sim
add_force {/inverter/axi_clk} -radix hex {0 0ns} {1 5000ps} -repeat_every 10000ps
add_force {/inverter/axi_reset_n} -radix hex {0 0ns}
run 10 ns
add_force {/inverter/axi_reset_n} -radix hex {1 0ns}
add_force {/inverter/s_axis_valid} -radix hex {1 0ns}
add_force {/inverter/m_axis_ready} -radix hex {1 0ns}
add_force {/inverter/s_axis_data} -radix hex {21 0ns}
run 10 ns
add_force {/inverter/s_axis_data} -radix hex {31 0ns}
run 10 ns
run 10 ns
run 10 ns
run 10 ns
run 10 ns
run 10 ns
run 10 ns
run 10 ns
restart
restart
relaunch_sim
add_force {/inverter/axi_clk} -radix hex {0 0ns} {1 5000ps} -repeat_every 10000ps
add_force {/inverter/axi_reset_n} -radix hex {0 0ns}
run 10 ns
add_force {/inverter/axi_reset_n} -radix hex {1 0ns}
add_force {/inverter/s_axis_valid} -radix hex {1 0ns}
add_force {/inverter/m_axis_ready} -radix hex {1 0ns}
add_force {/inverter/s_axis_data} -radix hex {1 0ns}
run 10 ns
add_force {/inverter/s_axis_data} -radix hex {2 0ns}
run 10 ns
launch_runs synth_1 -jobs 24
wait_on_run synth_1
report_drivers {/inverter/s_axis_data}
reset_run synth_1
launch_runs synth_1 -jobs 24
wait_on_run synth_1
reset_run synth_1
launch_runs synth_1 -jobs 24
wait_on_run synth_1
open_run synth_1 -name synth_1
report_timing_summary -delay_type min_max -report_unconstrained -check_timing_verbose -max_paths 10 -input_pins -routable_nets -name timing_1
reset_run synth_1
launch_runs impl_1 -jobs 24
wait_on_run impl_1
reset_run synth_1
launch_runs synth_1 -jobs 24
wait_on_run synth_1
launch_runs impl_1 -jobs 24
wait_on_run impl_1
refresh_design
reset_run synth_1
launch_runs synth_1 -jobs 24
wait_on_run synth_1
launch_runs impl_1 -jobs 24
wait_on_run impl_1
close_design
open_run impl_1
open_run synth_1 -name synth_1
report_timing_summary -delay_type min_max -report_unconstrained -check_timing_verbose -max_paths 10 -input_pins -routable_nets -name timing_1
current_design impl_1
report_timing_summary -delay_type min_max -report_unconstrained -check_timing_verbose -max_paths 10 -input_pins -routable_nets -name timing_1
report_timing_summary -delay_type min_max -report_unconstrained -check_timing_verbose -max_paths 10 -input_pins -routable_nets -name timing_1
file mkdir /home/s3310914/Documents/eca1/fifo_dma/fifo_dma.srcs/constrs_1
file mkdir /home/s3310914/Documents/eca1/fifo_dma/fifo_dma.srcs/constrs_1/new
close [ open /home/s3310914/Documents/eca1/fifo_dma/fifo_dma.srcs/constrs_1/new/my_constraint.xdc w ]
add_files -fileset constrs_1 /home/s3310914/Documents/eca1/fifo_dma/fifo_dma.srcs/constrs_1/new/my_constraint.xdc
set_property target_constrs_file /home/s3310914/Documents/eca1/fifo_dma/fifo_dma.srcs/constrs_1/new/my_constraint.xdc [current_fileset -constrset]
export_ip_user_files -of_objects  [get_files /home/s3310914/Documents/eca1/fifo_dma/fifo_dma.srcs/constrs_1/new/my_constraint.xdc] -no_script -reset -force -quiet
remove_files  -fileset constrs_1 /home/s3310914/Documents/eca1/fifo_dma/fifo_dma.srcs/constrs_1/new/my_constraint.xdc
current_design synth_1
close_design
reset_run synth_1
launch_runs synth_1 -jobs 24
wait_on_run synth_1
close_design
open_run synth_1 -name synth_1
close [ open /home/s3310914/Documents/eca1/fifo_dma/fifo_dma.srcs/constrs_1/new/const.xdc w ]
add_files -fileset constrs_1 /home/s3310914/Documents/eca1/fifo_dma/fifo_dma.srcs/constrs_1/new/const.xdc
set_property target_constrs_file /home/s3310914/Documents/eca1/fifo_dma/fifo_dma.srcs/constrs_1/new/const.xdc [current_fileset -constrset]
refresh_design
create_clock -period 10.000 -name clk -waveform {0.000 5.000} [get_ports axi_clk]
report_timing_summary -delay_type min_max -report_unconstrained -check_timing_verbose -max_paths 10 -input_pins -routable_nets -name timing_1
ipx::package_project -root_dir /home/s3310914/Documents/eca1/ip_repo -vendor caes -library user -taxonomy /UserIP -import_files -set_current false
ipx::unload_core /home/s3310914/Documents/eca1/ip_repo/component.xml
ipx::edit_ip_in_project -upgrade true -name tmp_edit_project -directory /home/s3310914/Documents/eca1/ip_repo /home/s3310914/Documents/eca1/ip_repo/component.xml
update_compile_order -fileset sources_1
ipx::add_bus_interface m_axis [ipx::current_core]
set_property abstraction_type_vlnv xilinx.com:interface:aximm_rtl:1.0 [ipx::get_bus_interfaces m_axis -of_objects [ipx::current_core]]
set_property bus_type_vlnv xilinx.com:interface:aximm:1.0 [ipx::get_bus_interfaces m_axis -of_objects [ipx::current_core]]
set_property interface_mode master [ipx::get_bus_interfaces m_axis -of_objects [ipx::current_core]]
ipx::add_bus_parameter NUM_READ_OUTSTANDING [ipx::get_bus_interfaces m_axis -of_objects [ipx::current_core]]
ipx::add_bus_parameter NUM_WRITE_OUTSTANDING [ipx::get_bus_interfaces m_axis -of_objects [ipx::current_core]]
set_property abstraction_type_vlnv xilinx.com:interface:axis_rtl:1.0 [ipx::get_bus_interfaces m_axis -of_objects [ipx::current_core]]
set_property bus_type_vlnv xilinx.com:interface:axis:1.0 [ipx::get_bus_interfaces m_axis -of_objects [ipx::current_core]]
ipx::add_port_map TDATA [ipx::get_bus_interfaces m_axis -of_objects [ipx::current_core]]
set_property physical_name m_axis_data [ipx::get_port_maps TDATA -of_objects [ipx::get_bus_interfaces m_axis -of_objects [ipx::current_core]]]
ipx::add_port_map TVALID [ipx::get_bus_interfaces m_axis -of_objects [ipx::current_core]]
set_property physical_name m_axis_valid [ipx::get_port_maps TVALID -of_objects [ipx::get_bus_interfaces m_axis -of_objects [ipx::current_core]]]
ipx::add_port_map TREADY [ipx::get_bus_interfaces m_axis -of_objects [ipx::current_core]]
set_property physical_name m_axis_ready [ipx::get_port_maps TREADY -of_objects [ipx::get_bus_interfaces m_axis -of_objects [ipx::current_core]]]
ipx::add_bus_interface s_axis [ipx::current_core]
set_property abstraction_type_vlnv xilinx.com:interface:axis_rtl:1.0 [ipx::get_bus_interfaces s_axis -of_objects [ipx::current_core]]
set_property bus_type_vlnv xilinx.com:interface:axis:1.0 [ipx::get_bus_interfaces s_axis -of_objects [ipx::current_core]]
ipx::add_port_map TDATA [ipx::get_bus_interfaces s_axis -of_objects [ipx::current_core]]
set_property physical_name s_axis_data [ipx::get_port_maps TDATA -of_objects [ipx::get_bus_interfaces s_axis -of_objects [ipx::current_core]]]
ipx::add_port_map TVALID [ipx::get_bus_interfaces s_axis -of_objects [ipx::current_core]]
set_property physical_name s_axis_valid [ipx::get_port_maps TVALID -of_objects [ipx::get_bus_interfaces s_axis -of_objects [ipx::current_core]]]
ipx::add_port_map TREADY [ipx::get_bus_interfaces s_axis -of_objects [ipx::current_core]]
set_property physical_name s_axis_ready [ipx::get_port_maps TREADY -of_objects [ipx::get_bus_interfaces s_axis -of_objects [ipx::current_core]]]
ipx::add_bus_parameter ASSOCIATED_BUSIF [ipx::get_bus_interfaces axi_clk -of_objects [ipx::current_core]]
set_property value m_axis:s_axis [ipx::get_bus_parameters ASSOCIATED_BUSIF -of_objects [ipx::get_bus_interfaces axi_clk -of_objects [ipx::current_core]]]
ipx::add_bus_parameter FREQ_HZ [ipx::get_bus_interfaces axi_clk -of_objects [ipx::current_core]]
set_property value 99999001 [ipx::get_bus_parameters FREQ_HZ -of_objects [ipx::get_bus_interfaces axi_clk -of_objects [ipx::current_core]]]
set_property core_revision 2 [ipx::current_core]
ipx::update_source_project_archive -component [ipx::current_core]
ipx::create_xgui_files [ipx::current_core]
ipx::update_checksums [ipx::current_core]
ipx::check_integrity [ipx::current_core]
ipx::save_core [ipx::current_core]
current_project fifo_dma
ipx::package_project -root_dir /home/s3310914/Documents/eca1/ip_repo -vendor caes -library user -taxonomy /UserIP -import_files -set_current false
ipx::unload_core /home/s3310914/Documents/eca1/ip_repo/component.xml
ipx::edit_ip_in_project -upgrade true -name tmp_edit_project -directory /home/s3310914/Documents/eca1/ip_repo /home/s3310914/Documents/eca1/ip_repo/component.xml
current_project tmp_edit_project
close_project
ipx::package_project -root_dir /home/s3310914/Documents/eca1/ip_repo -vendor caes -library user -taxonomy /UserIP -import_files -set_current false -force
ipx::unload_core /home/s3310914/Documents/eca1/ip_repo/component.xml
ipx::edit_ip_in_project -upgrade true -name tmp_edit_project -directory /home/s3310914/Documents/eca1/ip_repo /home/s3310914/Documents/eca1/ip_repo/component.xml
update_compile_order -fileset sources_1
ipx::add_bus_interface m_axis [ipx::current_core]
set_property abstraction_type_vlnv xilinx.com:interface:axis_rtl:1.0 [ipx::get_bus_interfaces m_axis -of_objects [ipx::current_core]]
set_property bus_type_vlnv xilinx.com:interface:axis:1.0 [ipx::get_bus_interfaces m_axis -of_objects [ipx::current_core]]
set_property interface_mode master [ipx::get_bus_interfaces m_axis -of_objects [ipx::current_core]]
ipx::add_port_map TDATA [ipx::get_bus_interfaces m_axis -of_objects [ipx::current_core]]
set_property physical_name m_axis_data [ipx::get_port_maps TDATA -of_objects [ipx::get_bus_interfaces m_axis -of_objects [ipx::current_core]]]
ipx::add_port_map TVALID [ipx::get_bus_interfaces m_axis -of_objects [ipx::current_core]]
set_property physical_name m_axis_valid [ipx::get_port_maps TVALID -of_objects [ipx::get_bus_interfaces m_axis -of_objects [ipx::current_core]]]
ipx::add_port_map TLAST [ipx::get_bus_interfaces m_axis -of_objects [ipx::current_core]]
set_property physical_name m_axis_tlast [ipx::get_port_maps TLAST -of_objects [ipx::get_bus_interfaces m_axis -of_objects [ipx::current_core]]]
ipx::add_port_map TREADY [ipx::get_bus_interfaces m_axis -of_objects [ipx::current_core]]
set_property physical_name m_axis_ready [ipx::get_port_maps TREADY -of_objects [ipx::get_bus_interfaces m_axis -of_objects [ipx::current_core]]]
ipx::add_bus_interface s_axis [ipx::current_core]
set_property abstraction_type_vlnv xilinx.com:interface:axis_rtl:1.0 [ipx::get_bus_interfaces s_axis -of_objects [ipx::current_core]]
set_property bus_type_vlnv xilinx.com:interface:axis:1.0 [ipx::get_bus_interfaces s_axis -of_objects [ipx::current_core]]
ipx::add_port_map TDATA [ipx::get_bus_interfaces s_axis -of_objects [ipx::current_core]]
set_property physical_name s_axis_data [ipx::get_port_maps TDATA -of_objects [ipx::get_bus_interfaces s_axis -of_objects [ipx::current_core]]]
ipx::add_port_map TVALID [ipx::get_bus_interfaces s_axis -of_objects [ipx::current_core]]
set_property physical_name s_axis_valid [ipx::get_port_maps TVALID -of_objects [ipx::get_bus_interfaces s_axis -of_objects [ipx::current_core]]]
ipx::add_port_map TREADY [ipx::get_bus_interfaces s_axis -of_objects [ipx::current_core]]
set_property physical_name s_axis_ready [ipx::get_port_maps TREADY -of_objects [ipx::get_bus_interfaces s_axis -of_objects [ipx::current_core]]]
ipx::add_bus_parameter ASSOCIATED_BUSIF [ipx::get_bus_interfaces axi_clk -of_objects [ipx::current_core]]
set_property value m_axis:s_axis [ipx::get_bus_parameters ASSOCIATED_BUSIF -of_objects [ipx::get_bus_interfaces axi_clk -of_objects [ipx::current_core]]]
ipx::add_bus_parameter FREQ_HZ [ipx::get_bus_interfaces axi_clk -of_objects [ipx::current_core]]
set_property description 99999001 [ipx::get_bus_parameters FREQ_HZ -of_objects [ipx::get_bus_interfaces axi_clk -of_objects [ipx::current_core]]]
set_property core_revision 2 [ipx::current_core]
ipx::update_source_project_archive -component [ipx::current_core]
ipx::create_xgui_files [ipx::current_core]
ipx::update_checksums [ipx::current_core]
ipx::check_integrity [ipx::current_core]
ipx::save_core [ipx::current_core]
ipx::move_temp_component_back -component [ipx::current_core]
close_project -delete
update_ip_catalog -rebuild -repo_path /home/s3310914/Documents/eca1/ip_repo
ipx::package_project -root_dir /home/s3310914/Documents/eca1/ip_repo -vendor caes -library user -taxonomy /UserIP -import_files -set_current false
ipx::unload_core /home/s3310914/Documents/eca1/ip_repo/component.xml
ipx::edit_ip_in_project -upgrade true -name tmp_edit_project -directory /home/s3310914/Documents/eca1/ip_repo /home/s3310914/Documents/eca1/ip_repo/component.xml
update_compile_order -fileset sources_1
ipx::add_bus_interface m_axis [ipx::current_core]
set_property abstraction_type_vlnv xilinx.com:interface:axis_rtl:1.0 [ipx::get_bus_interfaces m_axis -of_objects [ipx::current_core]]
set_property bus_type_vlnv xilinx.com:interface:axis:1.0 [ipx::get_bus_interfaces m_axis -of_objects [ipx::current_core]]
set_property interface_mode master [ipx::get_bus_interfaces m_axis -of_objects [ipx::current_core]]
ipx::add_port_map TDATA [ipx::get_bus_interfaces m_axis -of_objects [ipx::current_core]]
set_property physical_name m_axis_data [ipx::get_port_maps TDATA -of_objects [ipx::get_bus_interfaces m_axis -of_objects [ipx::current_core]]]
ipx::add_port_map TVALID [ipx::get_bus_interfaces m_axis -of_objects [ipx::current_core]]
set_property physical_name m_axis_valid [ipx::get_port_maps TVALID -of_objects [ipx::get_bus_interfaces m_axis -of_objects [ipx::current_core]]]
ipx::add_port_map TLAST [ipx::get_bus_interfaces m_axis -of_objects [ipx::current_core]]
set_property physical_name m_axis_tlast [ipx::get_port_maps TLAST -of_objects [ipx::get_bus_interfaces m_axis -of_objects [ipx::current_core]]]
ipx::add_port_map TREADY [ipx::get_bus_interfaces m_axis -of_objects [ipx::current_core]]
set_property physical_name m_axis_ready [ipx::get_port_maps TREADY -of_objects [ipx::get_bus_interfaces m_axis -of_objects [ipx::current_core]]]
ipx::add_bus_interface s_axis [ipx::current_core]
set_property abstraction_type_vlnv xilinx.com:interface:axis_rtl:1.0 [ipx::get_bus_interfaces s_axis -of_objects [ipx::current_core]]
set_property bus_type_vlnv xilinx.com:interface:axis:1.0 [ipx::get_bus_interfaces s_axis -of_objects [ipx::current_core]]
ipx::add_port_map TDATA [ipx::get_bus_interfaces s_axis -of_objects [ipx::current_core]]
set_property physical_name s_axis_data [ipx::get_port_maps TDATA -of_objects [ipx::get_bus_interfaces s_axis -of_objects [ipx::current_core]]]
ipx::add_port_map TVALID [ipx::get_bus_interfaces s_axis -of_objects [ipx::current_core]]
set_property physical_name s_axis_valid [ipx::get_port_maps TVALID -of_objects [ipx::get_bus_interfaces s_axis -of_objects [ipx::current_core]]]
ipx::add_port_map TREADY [ipx::get_bus_interfaces s_axis -of_objects [ipx::current_core]]
set_property physical_name s_axis_ready [ipx::get_port_maps TREADY -of_objects [ipx::get_bus_interfaces s_axis -of_objects [ipx::current_core]]]
ipx::add_bus_parameter ASSOCIATED_BUSIF [ipx::get_bus_interfaces axi_clk -of_objects [ipx::current_core]]
set_property value m_axis:s_axis [ipx::get_bus_parameters ASSOCIATED_BUSIF -of_objects [ipx::get_bus_interfaces axi_clk -of_objects [ipx::current_core]]]
ipx::add_bus_parameter FREQ_HZ [ipx::get_bus_interfaces axi_clk -of_objects [ipx::current_core]]
set_property value 99999001 [ipx::get_bus_parameters FREQ_HZ -of_objects [ipx::get_bus_interfaces axi_clk -of_objects [ipx::current_core]]]
set_property core_revision 2 [ipx::current_core]
ipx::update_source_project_archive -component [ipx::current_core]
ipx::create_xgui_files [ipx::current_core]
ipx::update_checksums [ipx::current_core]
ipx::check_integrity [ipx::current_core]
ipx::save_core [ipx::current_core]
ipx::move_temp_component_back -component [ipx::current_core]
close_project -delete
update_ip_catalog -rebuild -repo_path /home/s3310914/Documents/eca1/ip_repo
save_constraints
launch_simulation
source convoluter.tcl
ipx::package_project -root_dir /home/s3310914/Documents/eca1/ip_repo -vendor caes -library user -taxonomy /UserIP -import_files -set_current false
ipx::unload_core /home/s3310914/Documents/eca1/ip_repo/component.xml
ipx::edit_ip_in_project -upgrade true -name tmp_edit_project -directory /home/s3310914/Documents/eca1/ip_repo /home/s3310914/Documents/eca1/ip_repo/component.xml
update_compile_order -fileset sources_1
ipx::add_bus_interface m_axis [ipx::current_core]
set_property abstraction_type_vlnv xilinx.com:interface:axis_rtl:1.0 [ipx::get_bus_interfaces m_axis -of_objects [ipx::current_core]]
set_property bus_type_vlnv xilinx.com:interface:axis:1.0 [ipx::get_bus_interfaces m_axis -of_objects [ipx::current_core]]
set_property interface_mode master [ipx::get_bus_interfaces m_axis -of_objects [ipx::current_core]]
ipx::add_port_map TDATA [ipx::get_bus_interfaces m_axis -of_objects [ipx::current_core]]
set_property physical_name m_axis_data [ipx::get_port_maps TDATA -of_objects [ipx::get_bus_interfaces m_axis -of_objects [ipx::current_core]]]
ipx::add_port_map TVALID [ipx::get_bus_interfaces m_axis -of_objects [ipx::current_core]]
set_property physical_name m_axis_valid [ipx::get_port_maps TVALID -of_objects [ipx::get_bus_interfaces m_axis -of_objects [ipx::current_core]]]
ipx::add_port_map TLAST [ipx::get_bus_interfaces m_axis -of_objects [ipx::current_core]]
set_property physical_name m_axis_tlast [ipx::get_port_maps TLAST -of_objects [ipx::get_bus_interfaces m_axis -of_objects [ipx::current_core]]]
ipx::add_port_map TREADY [ipx::get_bus_interfaces m_axis -of_objects [ipx::current_core]]
set_property physical_name m_axis_ready [ipx::get_port_maps TREADY -of_objects [ipx::get_bus_interfaces m_axis -of_objects [ipx::current_core]]]
ipx::add_bus_interface s_axis [ipx::current_core]
set_property abstraction_type_vlnv xilinx.com:interface:axis_rtl:1.0 [ipx::get_bus_interfaces s_axis -of_objects [ipx::current_core]]
set_property bus_type_vlnv xilinx.com:interface:axis:1.0 [ipx::get_bus_interfaces s_axis -of_objects [ipx::current_core]]
ipx::add_port_map TDATA [ipx::get_bus_interfaces s_axis -of_objects [ipx::current_core]]
set_property physical_name s_axis_data [ipx::get_port_maps TDATA -of_objects [ipx::get_bus_interfaces s_axis -of_objects [ipx::current_core]]]
ipx::add_port_map TVALID [ipx::get_bus_interfaces s_axis -of_objects [ipx::current_core]]
set_property physical_name s_axis_valid [ipx::get_port_maps TVALID -of_objects [ipx::get_bus_interfaces s_axis -of_objects [ipx::current_core]]]
ipx::add_port_map TREADY [ipx::get_bus_interfaces s_axis -of_objects [ipx::current_core]]
set_property physical_name s_axis_ready [ipx::get_port_maps TREADY -of_objects [ipx::get_bus_interfaces s_axis -of_objects [ipx::current_core]]]
ipx::add_bus_parameter ASSOCIATED_BUSIF [ipx::get_bus_interfaces axi_clk -of_objects [ipx::current_core]]
set_property value m_axis:s_axis [ipx::get_bus_parameters ASSOCIATED_BUSIF -of_objects [ipx::get_bus_interfaces axi_clk -of_objects [ipx::current_core]]]
ipx::add_bus_parameter FREQ_HZ [ipx::get_bus_interfaces axi_clk -of_objects [ipx::current_core]]
set_property value 99999001 [ipx::get_bus_parameters FREQ_HZ -of_objects [ipx::get_bus_interfaces axi_clk -of_objects [ipx::current_core]]]
set_property core_revision 2 [ipx::current_core]
ipx::update_source_project_archive -component [ipx::current_core]
ipx::create_xgui_files [ipx::current_core]
ipx::update_checksums [ipx::current_core]
ipx::check_integrity [ipx::current_core]
ipx::save_core [ipx::current_core]
ipx::move_temp_component_back -component [ipx::current_core]
close_project -delete
update_ip_catalog -rebuild -repo_path /home/s3310914/Documents/eca1/ip_repo
ipx::package_project -root_dir /home/s3310914/Documents/ip_repo -vendor caes -library user -taxonomy /UserIP -import_files
ipx::add_bus_interface m_axis [ipx::current_core]
set_property abstraction_type_vlnv xilinx.com:interface:axis_rtl:1.0 [ipx::get_bus_interfaces m_axis -of_objects [ipx::current_core]]
set_property bus_type_vlnv xilinx.com:interface:axis:1.0 [ipx::get_bus_interfaces m_axis -of_objects [ipx::current_core]]
set_property interface_mode master [ipx::get_bus_interfaces m_axis -of_objects [ipx::current_core]]
ipx::add_port_map TDATA [ipx::get_bus_interfaces m_axis -of_objects [ipx::current_core]]
set_property physical_name m_axis_data [ipx::get_port_maps TDATA -of_objects [ipx::get_bus_interfaces m_axis -of_objects [ipx::current_core]]]
ipx::add_port_map TVALID [ipx::get_bus_interfaces m_axis -of_objects [ipx::current_core]]
set_property physical_name m_axis_valid [ipx::get_port_maps TVALID -of_objects [ipx::get_bus_interfaces m_axis -of_objects [ipx::current_core]]]
ipx::add_port_map TLAST [ipx::get_bus_interfaces m_axis -of_objects [ipx::current_core]]
set_property physical_name m_axis_tlast [ipx::get_port_maps TLAST -of_objects [ipx::get_bus_interfaces m_axis -of_objects [ipx::current_core]]]
ipx::add_port_map TREADY [ipx::get_bus_interfaces m_axis -of_objects [ipx::current_core]]
set_property physical_name m_axis_ready [ipx::get_port_maps TREADY -of_objects [ipx::get_bus_interfaces m_axis -of_objects [ipx::current_core]]]
ipx::add_bus_interface s_axis [ipx::current_core]
set_property abstraction_type_vlnv xilinx.com:interface:axis_rtl:1.0 [ipx::get_bus_interfaces s_axis -of_objects [ipx::current_core]]
set_property bus_type_vlnv xilinx.com:interface:axis:1.0 [ipx::get_bus_interfaces s_axis -of_objects [ipx::current_core]]
ipx::add_port_map TDATA [ipx::get_bus_interfaces s_axis -of_objects [ipx::current_core]]
set_property physical_name s_axis_data [ipx::get_port_maps TDATA -of_objects [ipx::get_bus_interfaces s_axis -of_objects [ipx::current_core]]]
ipx::add_port_map TVALID [ipx::get_bus_interfaces s_axis -of_objects [ipx::current_core]]
set_property physical_name s_axis_valid [ipx::get_port_maps TVALID -of_objects [ipx::get_bus_interfaces s_axis -of_objects [ipx::current_core]]]
ipx::add_port_map TREADY [ipx::get_bus_interfaces s_axis -of_objects [ipx::current_core]]
set_property physical_name s_axis_ready [ipx::get_port_maps TREADY -of_objects [ipx::get_bus_interfaces s_axis -of_objects [ipx::current_core]]]
ipx::add_bus_parameter ASSOCIATED_BUSIF [ipx::get_bus_interfaces axi_clk -of_objects [ipx::current_core]]
set_property value m_axis:s_axis [ipx::get_bus_parameters ASSOCIATED_BUSIF -of_objects [ipx::get_bus_interfaces axi_clk -of_objects [ipx::current_core]]]
ipx::add_bus_parameter FREQ_HZ [ipx::get_bus_interfaces axi_clk -of_objects [ipx::current_core]]
set_property value 99999001 [ipx::get_bus_parameters FREQ_HZ -of_objects [ipx::get_bus_interfaces axi_clk -of_objects [ipx::current_core]]]
set_property core_revision 2 [ipx::current_core]
ipx::create_xgui_files [ipx::current_core]
ipx::update_checksums [ipx::current_core]
ipx::check_integrity [ipx::current_core]
ipx::save_core [ipx::current_core]
set_property  ip_repo_paths  {/home/s3310914/Documents/ip_repo /home/s3310914/Documents/eca1/ip_repo /home/s3310914/Documents/eca1/ip_repo/myip_1_0} [current_project]
update_ip_catalog
close_sim
set_property core_revision 3 [ipx::current_core]
ipx::create_xgui_files [ipx::current_core]
ipx::update_checksums [ipx::current_core]
ipx::check_integrity [ipx::current_core]
ipx::save_core [ipx::current_core]
update_ip_catalog -rebuild -repo_path /home/s3310914/Documents/ip_repo
set_property core_revision 4 [ipx::current_core]
ipx::update_checksums [ipx::current_core]
ipx::check_integrity [ipx::current_core]
ipx::save_core [ipx::current_core]
update_ip_catalog -rebuild -repo_path /home/s3310914/Documents/ip_repo
close_sim
ipx::merge_project_changes files [ipx::current_core]
ipx::unload_core /home/s3310914/Documents/ip_repo/component.xml
ipx::package_project -root_dir /home/s3310914/Documents/eca1/ip_repo -vendor caes -library user -taxonomy /UserIP -import_files -set_current false -force
ipx::unload_core /home/s3310914/Documents/eca1/ip_repo/component.xml
ipx::edit_ip_in_project -upgrade true -name tmp_edit_project -directory /home/s3310914/Documents/eca1/ip_repo /home/s3310914/Documents/eca1/ip_repo/component.xml
update_compile_order -fileset sources_1
ipx::add_bus_interface m_axis [ipx::current_core]
set_property abstraction_type_vlnv xilinx.com:interface:axis_rtl:1.0 [ipx::get_bus_interfaces m_axis -of_objects [ipx::current_core]]
set_property bus_type_vlnv xilinx.com:interface:axis:1.0 [ipx::get_bus_interfaces m_axis -of_objects [ipx::current_core]]
set_property interface_mode master [ipx::get_bus_interfaces m_axis -of_objects [ipx::current_core]]
ipx::add_port_map TDATA [ipx::get_bus_interfaces m_axis -of_objects [ipx::current_core]]
set_property physical_name m_axis_data [ipx::get_port_maps TDATA -of_objects [ipx::get_bus_interfaces m_axis -of_objects [ipx::current_core]]]
ipx::add_port_map TLAST [ipx::get_bus_interfaces m_axis -of_objects [ipx::current_core]]
set_property physical_name m_axis_tlast [ipx::get_port_maps TLAST -of_objects [ipx::get_bus_interfaces m_axis -of_objects [ipx::current_core]]]
ipx::add_port_map TVALID [ipx::get_bus_interfaces m_axis -of_objects [ipx::current_core]]
set_property physical_name m_axis_valid [ipx::get_port_maps TVALID -of_objects [ipx::get_bus_interfaces m_axis -of_objects [ipx::current_core]]]
ipx::add_port_map TREADY [ipx::get_bus_interfaces m_axis -of_objects [ipx::current_core]]
set_property physical_name m_axis_ready [ipx::get_port_maps TREADY -of_objects [ipx::get_bus_interfaces m_axis -of_objects [ipx::current_core]]]
ipx::add_bus_interface s_axis [ipx::current_core]
set_property abstraction_type_vlnv xilinx.com:interface:axis_rtl:1.0 [ipx::get_bus_interfaces s_axis -of_objects [ipx::current_core]]
set_property bus_type_vlnv xilinx.com:interface:axis:1.0 [ipx::get_bus_interfaces s_axis -of_objects [ipx::current_core]]
ipx::add_port_map TDATA [ipx::get_bus_interfaces s_axis -of_objects [ipx::current_core]]
set_property physical_name s_axis_data [ipx::get_port_maps TDATA -of_objects [ipx::get_bus_interfaces s_axis -of_objects [ipx::current_core]]]
ipx::add_port_map TVALID [ipx::get_bus_interfaces s_axis -of_objects [ipx::current_core]]
set_property physical_name s_axis_valid [ipx::get_port_maps TVALID -of_objects [ipx::get_bus_interfaces s_axis -of_objects [ipx::current_core]]]
ipx::add_port_map TREADY [ipx::get_bus_interfaces s_axis -of_objects [ipx::current_core]]
set_property physical_name s_axis_ready [ipx::get_port_maps TREADY -of_objects [ipx::get_bus_interfaces s_axis -of_objects [ipx::current_core]]]
ipx::add_bus_parameter ASSOCIATED_BUSIF [ipx::get_bus_interfaces axi_clk -of_objects [ipx::current_core]]
set_property value m_axis:s_axis [ipx::get_bus_parameters ASSOCIATED_BUSIF -of_objects [ipx::get_bus_interfaces axi_clk -of_objects [ipx::current_core]]]
ipx::add_bus_parameter FREQ_HZ [ipx::get_bus_interfaces axi_clk -of_objects [ipx::current_core]]
set_property value 99999001 [ipx::get_bus_parameters FREQ_HZ -of_objects [ipx::get_bus_interfaces axi_clk -of_objects [ipx::current_core]]]
set_property core_revision 2 [ipx::current_core]
ipx::update_source_project_archive -component [ipx::current_core]
ipx::create_xgui_files [ipx::current_core]
ipx::update_checksums [ipx::current_core]
ipx::check_integrity [ipx::current_core]
ipx::save_core [ipx::current_core]
ipx::move_temp_component_back -component [ipx::current_core]
close_project -delete
update_ip_catalog -rebuild -repo_path /home/s3310914/Documents/eca1/ip_repo
ipx::package_project -root_dir /home/s3310914/Documents/ip_repo -vendor caes -library user -taxonomy /UserIP -import_files
ipx::add_bus_interface m_axis [ipx::current_core]
set_property abstraction_type_vlnv xilinx.com:interface:axis_rtl:1.0 [ipx::get_bus_interfaces m_axis -of_objects [ipx::current_core]]
set_property bus_type_vlnv xilinx.com:interface:axis:1.0 [ipx::get_bus_interfaces m_axis -of_objects [ipx::current_core]]
set_property interface_mode master [ipx::get_bus_interfaces m_axis -of_objects [ipx::current_core]]
ipx::add_port_map TDATA [ipx::get_bus_interfaces m_axis -of_objects [ipx::current_core]]
set_property physical_name m_axis_data [ipx::get_port_maps TDATA -of_objects [ipx::get_bus_interfaces m_axis -of_objects [ipx::current_core]]]
ipx::add_port_map TLAST [ipx::get_bus_interfaces m_axis -of_objects [ipx::current_core]]
set_property physical_name m_axis_tlast [ipx::get_port_maps TLAST -of_objects [ipx::get_bus_interfaces m_axis -of_objects [ipx::current_core]]]
ipx::add_port_map TVALID [ipx::get_bus_interfaces m_axis -of_objects [ipx::current_core]]
set_property physical_name m_axis_valid [ipx::get_port_maps TVALID -of_objects [ipx::get_bus_interfaces m_axis -of_objects [ipx::current_core]]]
ipx::add_port_map TREADY [ipx::get_bus_interfaces m_axis -of_objects [ipx::current_core]]
set_property physical_name m_axis_ready [ipx::get_port_maps TREADY -of_objects [ipx::get_bus_interfaces m_axis -of_objects [ipx::current_core]]]
ipx::add_bus_interface s_axis [ipx::current_core]
set_property abstraction_type_vlnv xilinx.com:interface:axis_rtl:1.0 [ipx::get_bus_interfaces s_axis -of_objects [ipx::current_core]]
set_property bus_type_vlnv xilinx.com:interface:axis:1.0 [ipx::get_bus_interfaces s_axis -of_objects [ipx::current_core]]
ipx::add_port_map TDATA [ipx::get_bus_interfaces s_axis -of_objects [ipx::current_core]]
set_property physical_name s_axis_data [ipx::get_port_maps TDATA -of_objects [ipx::get_bus_interfaces s_axis -of_objects [ipx::current_core]]]
ipx::add_port_map TVALID [ipx::get_bus_interfaces s_axis -of_objects [ipx::current_core]]
set_property physical_name s_axis_valid [ipx::get_port_maps TVALID -of_objects [ipx::get_bus_interfaces s_axis -of_objects [ipx::current_core]]]
ipx::add_port_map TREADY [ipx::get_bus_interfaces s_axis -of_objects [ipx::current_core]]
set_property physical_name s_axis_ready [ipx::get_port_maps TREADY -of_objects [ipx::get_bus_interfaces s_axis -of_objects [ipx::current_core]]]
set_property abstraction_type_vlnv xilinx.com:interface:axis_rtl:1.0 [ipx::get_bus_interfaces axi_clk -of_objects [ipx::current_core]]
set_property bus_type_vlnv xilinx.com:interface:axis:1.0 [ipx::get_bus_interfaces axi_clk -of_objects [ipx::current_core]]
ipx::add_bus_parameter ASSOCIATED_BUSIF [ipx::get_bus_interfaces axi_clk -of_objects [ipx::current_core]]
set_property value m_axis:s_axis [ipx::get_bus_parameters ASSOCIATED_BUSIF -of_objects [ipx::get_bus_interfaces axi_clk -of_objects [ipx::current_core]]]
ipx::add_bus_parameter FREQ_HZ [ipx::get_bus_interfaces axi_clk -of_objects [ipx::current_core]]
ipx::remove_bus_parameter FREQ_HZ [ipx::get_bus_interfaces axi_clk -of_objects [ipx::current_core]]
ipx::add_bus_parameter FREQ_HZ [ipx::get_bus_interfaces axi_clk -of_objects [ipx::current_core]]
set_property value 99999001 [ipx::get_bus_parameters FREQ_HZ -of_objects [ipx::get_bus_interfaces axi_clk -of_objects [ipx::current_core]]]
set_property abstraction_type_vlnv xilinx.com:signal:clock_rtl:1.0 [ipx::get_bus_interfaces axi_clk -of_objects [ipx::current_core]]
set_property bus_type_vlnv xilinx.com:signal:clock:1.0 [ipx::get_bus_interfaces axi_clk -of_objects [ipx::current_core]]
ipx::add_port_map CLK [ipx::get_bus_interfaces axi_clk -of_objects [ipx::current_core]]
set_property physical_name axi_clk [ipx::get_port_maps CLK -of_objects [ipx::get_bus_interfaces axi_clk -of_objects [ipx::current_core]]]
set_property core_revision 2 [ipx::current_core]
ipx::create_xgui_files [ipx::current_core]
ipx::update_checksums [ipx::current_core]
ipx::check_integrity [ipx::current_core]
ipx::save_core [ipx::current_core]
update_ip_catalog -rebuild -repo_path /home/s3310914/Documents/ip_repo
set_property core_revision 3 [ipx::current_core]
ipx::create_xgui_files [ipx::current_core]
ipx::update_checksums [ipx::current_core]
ipx::check_integrity [ipx::current_core]
ipx::save_core [ipx::current_core]
update_ip_catalog -rebuild -repo_path /home/s3310914/Documents/ip_repo
set_property core_revision 4 [ipx::current_core]
ipx::create_xgui_files [ipx::current_core]
ipx::update_checksums [ipx::current_core]
ipx::check_integrity [ipx::current_core]
ipx::save_core [ipx::current_core]
update_ip_catalog -rebuild -repo_path /home/s3310914/Documents/ip_repo
set_property core_revision 5 [ipx::current_core]
ipx::create_xgui_files [ipx::current_core]
ipx::update_checksums [ipx::current_core]
ipx::check_integrity [ipx::current_core]
ipx::save_core [ipx::current_core]
update_ip_catalog -rebuild -repo_path /home/s3310914/Documents/ip_repo
ipx::merge_project_changes files [ipx::current_core]
ipx::update_checksums [ipx::current_core]
ipx::save_core [ipx::current_core]
set_property core_revision 6 [ipx::current_core]
ipx::create_xgui_files [ipx::current_core]
ipx::update_checksums [ipx::current_core]
ipx::check_integrity [ipx::current_core]
ipx::save_core [ipx::current_core]
update_ip_catalog -rebuild -repo_path /home/s3310914/Documents/ip_repo
ipx::merge_project_changes files [ipx::current_core]
ipx::update_checksums [ipx::current_core]
ipx::save_core [ipx::current_core]
set_property core_revision 7 [ipx::current_core]
ipx::create_xgui_files [ipx::current_core]
ipx::update_checksums [ipx::current_core]
ipx::check_integrity [ipx::current_core]
ipx::save_core [ipx::current_core]
update_ip_catalog -rebuild -repo_path /home/s3310914/Documents/ip_repo
set_property widget {textEdit} [ipgui::get_guiparamspec -name "image_size" -component [ipx::current_core] ]
set_property value 130 [ipx::get_user_parameters image_size -of_objects [ipx::current_core]]
set_property value 130 [ipx::get_hdl_parameters image_size -of_objects [ipx::current_core]]
ipx::update_checksums [ipx::current_core]
ipx::save_core [ipx::current_core]
set_property core_revision 8 [ipx::current_core]
ipx::create_xgui_files [ipx::current_core]
ipx::update_checksums [ipx::current_core]
ipx::check_integrity [ipx::current_core]
ipx::save_core [ipx::current_core]
update_ip_catalog -rebuild -repo_path /home/s3310914/Documents/ip_repo
launch_simulation
source convoluter.tcl
add_force {/convoluter/axi_clk} -radix hex {0 0ns} {1 50000ps} -repeat_every 100000ps
add_force {/convoluter/axi_reset_n} -radix hex {0 0ns}
run 100 ns
add_force {/convoluter/axi_reset_n} -radix hex {1 0ns}
add_force {/convoluter/s_axis_valid} -radix hex {1 0ns}
add_force {/convoluter/s_axis_data} -radix hex {1 0ns}
add_force {/convoluter/m_axis_ready} -radix hex {1 0ns}
run 100 ns
run 100 ns
run 100 ns
run 100 ns
run 100 ns
run 100 ns
run 100 ns
run 100 ns
run 100 ns
run 100 ns
run 100 ns
run 100 ns
run 100 ns
run 100 ns
run 100 ns
run 100 ns
run 100 ns
run 100 ns
run 100 ns
run 100 ns
run 100 ns
run 100 ns
run 100 ns
run 100 ns
run 100 ns
run 100 ns
run 100 ns
run 100 ns
run 100 ns
run 100 ns
run 100 ns
run 100 ns
run 100 ns
run 100 ns
add_force {/convoluter/s_axis_data} -radix hex {2 0ns}
run 100 ns
run 100 ns
run 100 ns
run 100 ns
run 100 ns
run 100 ns
run 100 ns
run 100 ns
run 100 ns
run 100 ns
run 100 ns
run 100 ns
run 100 ns
run 100 ns
run 100 ns
run 100 ns
run 100 ns
run 100 ns
run 100 ns
run 100 ns
run 100 ns
run 100 ns
run 100 ns
run 100 ns
ipx::merge_project_changes files [ipx::current_core]
ipx::update_checksums [ipx::current_core]
ipx::save_core [ipx::current_core]
set_property core_revision 9 [ipx::current_core]
ipx::create_xgui_files [ipx::current_core]
ipx::update_checksums [ipx::current_core]
ipx::check_integrity [ipx::current_core]
ipx::save_core [ipx::current_core]
update_ip_catalog -rebuild -repo_path /home/s3310914/Documents/ip_repo
ipx::merge_project_changes files [ipx::current_core]
ipx::update_checksums [ipx::current_core]
ipx::save_core [ipx::current_core]
set_property core_revision 10 [ipx::current_core]
ipx::create_xgui_files [ipx::current_core]
ipx::update_checksums [ipx::current_core]
ipx::check_integrity [ipx::current_core]
ipx::save_core [ipx::current_core]
update_ip_catalog -rebuild -repo_path /home/s3310914/Documents/ip_repo
relaunch_sim
add_force {/convoluter/axi_clk} -radix hex {0 0ns} {1 50000ps} -repeat_every 100000ps
add_force {/convoluter/axi_reset_n} -radix hex {0 0ns}
add_force {/convoluter/s_axis_data} -radix hex {1 0ns}
add_force {/convoluter/m_axis_ready} -radix hex {1 0ns}
run 100 ns
run 100 ns
run 100 ns
add_force {/convoluter/s_axis_valid} -radix hex {1 0ns}
run 100 ns
run 100 ns
run 100 ns
add_force {/convoluter/axi_reset_n} -radix hex {1 0ns}
run 100 ns
run 100 ns
run 100 ns
run 100 ns
run 100 ns
run 100 ns
run 100 ns
run 100 ns
run 100 ns
run 100 ns
run 100 ns
run 100 ns
run 100 ns
run 100 ns
run 100 ns
run 100 ns
run 100 ns
run 100 ns
run 100 ns
run 100 ns
run 100 ns
run 100 ns
run 100 ns
run 100 ns
run 100 ns
run 100 ns
run 100 ns
run 100 ns
run 100 ns
run 100 ns
run 100 ns
run 100 ns
run 100 ns
run 100 ns
add_force {/convoluter/s_axis_data} -radix hex {2 0ns}
run 100 ns
run 100 ns
run 100 ns
run 100 ns
run 100 ns
run 100 ns
run 100 ns
run 100 ns
run 100 ns
run 100 ns
run 100 ns
run 100 ns
run 100 ns
run 100 ns
run 100 ns
run 100 ns
run 100 ns
run 100 ns
run 100 ns
add_force {/convoluter/s_axis_data} -radix hex {1 0ns}
run 100 ns
run 100 ns
run 100 ns
run 100 ns
run 100 ns
run 100 ns
run 100 ns
run 100 ns
run 100 ns
run 100 ns
run 100 ns
run 100 ns
run 100 ns
run 100 ns
run 100 ns
run 100 ns
run 100 ns
run 100 ns
run 100 ns
run 100 ns
run 100 ns
run 100 ns
run 100 ns
run 100 ns
run 100 ns
run 100 ns
run 100 ns
run 100 ns
run 100 ns
ipx::merge_project_changes files [ipx::current_core]
ipx::update_checksums [ipx::current_core]
ipx::save_core [ipx::current_core]
set_property core_revision 11 [ipx::current_core]
ipx::create_xgui_files [ipx::current_core]
ipx::update_checksums [ipx::current_core]
ipx::check_integrity [ipx::current_core]
ipx::save_core [ipx::current_core]
update_ip_catalog -rebuild -repo_path /home/s3310914/Documents/ip_repo
run 100 ns
run 100 ns
run 100 ns
add_force {/convoluter/s_axis_data} -radix hex {2 0ns}
run 100 ns
run 100 ns
run 100 ns
run 100 ns
add_force {/convoluter/s_axis_data} -radix hex {3 0ns}
run 100 ns
run 100 ns
run 100 ns
run 100 ns
run 100 ns
run 100 ns
run 100 ns
run 100 ns
run 100 ns
run 100 ns
run 100 ns
run 100 ns
run 100 ns
run 100 ns
run 100 ns
run 100 ns
run 100 ns
run 100 ns
run 100 ns
run 100 ns
run 100 ns
run 100 ns
run 100 ns
run 100 ns
run 100 ns
run 100 ns
run 100 ns
run 100 ns
run 100 ns
run 100 ns
run 100 ns
run 100 ns
run 100 ns
run 100 ns
run 100 ns
run 100 ns
run 100 ns
run 100 ns
run 100 ns
run 100 ns
run 100 ns
run 100 ns
run 100 ns
run 100 ns
run 100 ns
run 100 ns
run 100 ns
run 100 ns
run 100 ns
run 100 ns
run 100 ns
run 100 ns
run 100 ns
run 100 ns
run 100 ns
run 100 ns
run 100 ns
run 100 ns
run 100 ns
run 100 ns
run 100 ns
run 100 ns
run 100 ns
run 100 ns
run 100 ns
run 100 ns
run 100 ns
run 100 ns
run 100 ns
run 100 ns
run 100 ns
run 100 ns
run 100 ns
run 100 ns
run 100 ns
run 100 ns
run 100 ns
run 100 ns
run 100 ns
run 100 ns
run 100 ns
run 100 ns
run 100 ns
run 100 ns
run 100 ns
run 100 ns
run 100 ns
run 100 ns
run 100 ns
run 100 ns
ipx::merge_project_changes files [ipx::current_core]
ipx::update_checksums [ipx::current_core]
ipx::save_core [ipx::current_core]
set_property core_revision 12 [ipx::current_core]
ipx::create_xgui_files [ipx::current_core]
ipx::update_checksums [ipx::current_core]
ipx::check_integrity [ipx::current_core]
ipx::save_core [ipx::current_core]
update_ip_catalog -rebuild -repo_path /home/s3310914/Documents/ip_repo
relaunch_sim
add_force {/convoluter/axi_clk} -radix hex {0 0ns} {1 50000ps} -repeat_every 100000ps
add_force {/convoluter/axi_reset_n} -radix hex {1 0ns}
add_force {/convoluter/axi_reset_n} -radix hex {0 0ns}
add_force {/convoluter/s_axis_valid} -radix hex {1 0ns}
add_force {/convoluter/s_axis_data} -radix hex {1 0ns}
add_force {/convoluter/m_axis_ready} -radix hex {1 0ns}
run 100 ns
run 100 ns
add_force {/convoluter/axi_reset_n} -radix hex {1 0ns}
run 100 ns
run 100 ns
run 100 ns
run 100 ns
run 100 ns
run 100 ns
run 100 ns
run 100 ns
run 100 ns
run 100 ns
run 100 ns
run 100 ns
run 100 ns
run 100 ns
run 100 ns
run 100 ns
run 100 ns
run 100 ns
run 100 ns
run 100 ns
run 100 ns
run 100 ns
run 100 ns
run 100 ns
run 100 ns
run 100 ns
run 100 ns
run 100 ns
run 100 ns
run 100 ns
run 100 ns
run 100 ns
run 100 ns
run 100 ns
add_force {/convoluter/s_axis_data} -radix hex {2 0ns}
run 100 ns
run 100 ns
run 100 ns
run 100 ns
run 100 ns
run 100 ns
run 100 ns
run 100 ns
run 100 ns
run 100 ns
run 100 ns
run 100 ns
run 100 ns
run 100 ns
run 100 ns
run 100 ns
run 100 ns
run 100 ns
run 100 ns
run 100 ns
run 100 ns
run 100 ns
run 100 ns
run 100 ns
run 100 ns
run 100 ns
run 100 ns
run 100 ns
run 100 ns
run 100 ns
run 100 ns
run 100 ns
run 100 ns
run 100 ns
run 100 ns
run 100 ns
ipx::merge_project_changes files [ipx::current_core]
set_property core_revision 13 [ipx::current_core]
ipx::create_xgui_files [ipx::current_core]
ipx::update_checksums [ipx::current_core]
ipx::check_integrity [ipx::current_core]
ipx::save_core [ipx::current_core]
update_ip_catalog -rebuild -repo_path /home/s3310914/Documents/ip_repo
reset_run synth_1
launch_runs synth_1 -jobs 24
wait_on_run synth_1
reset_run synth_1
launch_runs synth_1 -jobs 24
wait_on_run synth_1
ipx::merge_project_changes files [ipx::current_core]
ipx::update_checksums [ipx::current_core]
ipx::save_core [ipx::current_core]
set_property core_revision 14 [ipx::current_core]
ipx::create_xgui_files [ipx::current_core]
ipx::update_checksums [ipx::current_core]
ipx::check_integrity [ipx::current_core]
ipx::save_core [ipx::current_core]
update_ip_catalog -rebuild -repo_path /home/s3310914/Documents/ip_repo
ipx::merge_project_changes files [ipx::current_core]
ipx::update_checksums [ipx::current_core]
ipx::save_core [ipx::current_core]
set_property core_revision 15 [ipx::current_core]
ipx::create_xgui_files [ipx::current_core]
ipx::update_checksums [ipx::current_core]
ipx::check_integrity [ipx::current_core]
ipx::save_core [ipx::current_core]
update_ip_catalog -rebuild -repo_path /home/s3310914/Documents/ip_repo
reset_run synth_1
launch_runs synth_1 -jobs 24
wait_on_run synth_1
ipx::merge_project_changes files [ipx::current_core]
ipx::update_checksums [ipx::current_core]
ipx::save_core [ipx::current_core]
set_property core_revision 16 [ipx::current_core]
ipx::create_xgui_files [ipx::current_core]
ipx::update_checksums [ipx::current_core]
ipx::check_integrity [ipx::current_core]
ipx::save_core [ipx::current_core]
update_ip_catalog -rebuild -repo_path /home/s3310914/Documents/ip_repo
